 client

 Timestamp is 40a75e19 (Sun May 16 22:27:05 2004)

 Preferred load address is 10000000

 Start         Length     Name                   Class
 0001:00000000 0004c24eH .text                   CODE
 0001:0004c250 00000df4H .text$x                 CODE
 0002:00000000 0000be5cH .rdata                  DATA
 0002:0000be60 00000044H .rdata$r                DATA
 0002:0000bea8 000011b0H .xdata$x                DATA
 0002:0000d060 00006bb1H .edata                  DATA
 0003:00000000 00000004H .CRT$XCA                DATA
 0003:00000004 00000070H .CRT$XCU                DATA
 0003:00000074 00000004H .CRT$XCZ                DATA
 0003:00000078 00000004H .CRT$XIA                DATA
 0003:0000007c 00000004H .CRT$XIZ                DATA
 0003:00000080 00004fb8H .data                   DATA
 0003:00005038 00044ce4H .bss                    DATA
 0004:00000000 0000008cH .idata$2                DATA
 0004:0000008c 00000014H .idata$3                DATA
 0004:000000a0 00000a50H .idata$4                DATA
 0004:00000af0 00000a50H .idata$5                DATA
 0004:00001540 000066b8H .idata$6                DATA

  Address         Publics by Value              Rva+Base     Lib:Object

 0001:00000000       ?EV_HLDM_PlayTextureSound@@YAMHPAUpmtrace_s@@PAM1H@Z 10001000 f   ev_hldm.obj
 0001:000002c6       ?EV_HLDM_DamageDecal@@YAPADPAUphysent_s@@@Z 100012c6 f   ev_hldm.obj
 0001:00000329       ?EV_HLDM_GunshotDecalTrace@@YAXPAUpmtrace_s@@PAD@Z 10001329 f   ev_hldm.obj
 0001:00000487       ?EV_HLDM_DecalGunshot@@YAXPAUpmtrace_s@@H@Z 10001487 f   ev_hldm.obj
 0001:000004b4       ?EV_HLDM_CheckTracer@@YAHHPAM000HHPAH@Z 100014b4 f   ev_hldm.obj
 0001:00000578       ?EV_HLDM_FireBullets@@YAXHPAM00H00MHHPAHMM@Z 10001578 f   ev_hldm.obj
 0001:000007e0       _EV_FireGlock1             100017e0 f   ev_hldm.obj
 0001:00000997       _EV_FireGlock2             10001997 f   ev_hldm.obj
 0001:00000b45       ??4?$Dar@D@vgui@@QAEAAV01@ABV01@@Z 10001b45 f i ev_hldm.obj
 0001:00000b57       ??4?$Dar@PAD@vgui@@QAEAAV01@ABV01@@Z 10001b57 f i ev_hldm.obj
 0001:00000b69       ??4?$Dar@H@vgui@@QAEAAV01@ABV01@@Z 10001b69 f i ev_hldm.obj
 0001:00000b7b       ??4?$Dar@PAVButton@vgui@@@vgui@@QAEAAV01@ABV01@@Z 10001b7b f i ev_hldm.obj
 0001:00000b8d       ??4?$Dar@PAVSurfaceBase@vgui@@@vgui@@QAEAAV01@ABV01@@Z 10001b8d f i ev_hldm.obj
 0001:00000b9f       ??4?$Dar@PAVInputSignal@vgui@@@vgui@@QAEAAV01@ABV01@@Z 10001b9f f i ev_hldm.obj
 0001:00000bb1       ??4?$Dar@PAVFocusChangeSignal@vgui@@@vgui@@QAEAAV01@ABV01@@Z 10001bb1 f i ev_hldm.obj
 0001:00000bc3       ??4?$Dar@PAVFrameSignal@vgui@@@vgui@@QAEAAV01@ABV01@@Z 10001bc3 f i ev_hldm.obj
 0001:00000bd5       ??4?$Dar@PAVActionSignal@vgui@@@vgui@@QAEAAV01@ABV01@@Z 10001bd5 f i ev_hldm.obj
 0001:00000be7       ??4?$Dar@PAVIntChangeSignal@vgui@@@vgui@@QAEAAV01@ABV01@@Z 10001be7 f i ev_hldm.obj
 0001:00000bf9       ??4?$Dar@PAVTickSignal@vgui@@@vgui@@QAEAAV01@ABV01@@Z 10001bf9 f i ev_hldm.obj
 0001:00000c0b       ??4?$Dar@PAV?$Dar@D@vgui@@@vgui@@QAEAAV01@ABV01@@Z 10001c0b f i ev_hldm.obj
 0001:00000c1d       ??4?$Dar@PAVFrame@vgui@@@vgui@@QAEAAV01@ABV01@@Z 10001c1d f i ev_hldm.obj
 0001:00000c2f       ??4?$Dar@PAVDesktopIcon@vgui@@@vgui@@QAEAAV01@ABV01@@Z 10001c2f f i ev_hldm.obj
 0001:00000c41       ??4?$Dar@PAVChangeSignal@vgui@@@vgui@@QAEAAV01@ABV01@@Z 10001c41 f i ev_hldm.obj
 0001:00000c53       ??4?$Dar@PAVPanel@vgui@@@vgui@@QAEAAV01@ABV01@@Z 10001c53 f i ev_hldm.obj
 0001:00000c65       ??4?$Dar@PAVLabel@vgui@@@vgui@@QAEAAV01@ABV01@@Z 10001c65 f i ev_hldm.obj
 0001:00000c77       ??4?$Dar@PAVRepaintSignal@vgui@@@vgui@@QAEAAV01@ABV01@@Z 10001c77 f i ev_hldm.obj
 0001:00000c89       ??0Scheme@vgui@@QAE@ABV01@@Z 10001c89 f i ev_hldm.obj
 0001:00000cc9       _EV_FireShotGunDouble      10001cc9 f   ev_hldm.obj
 0001:00000ecc       ??4Scheme@vgui@@QAEAAV01@ABV01@@Z 10001ecc f i ev_hldm.obj
 0001:00000f14       ??0Color@vgui@@QAE@ABV01@@Z 10001f14 f i ev_hldm.obj
 0001:00000f2f       ??4Color@vgui@@QAEAAV01@ABV01@@Z 10001f2f f i ev_hldm.obj
 0001:00000f5e       ??0Panel@vgui@@QAE@ABV01@@Z 10001f5e f i ev_hldm.obj
 0001:000010b6       ??4Panel@vgui@@QAEAAV01@ABV01@@Z 100020b6 f i ev_hldm.obj
 0001:00001286       _EV_FireShotGunSingle      10002286 f   ev_hldm.obj
 0001:0000147c       ??0Label@vgui@@QAE@XZ      1000247c f i ev_hldm.obj
 0001:000014a6       ??0Label@vgui@@QAE@ABV01@@Z 100024a6 f i ev_hldm.obj
 0001:00001515       ??4Label@vgui@@QAEAAV01@ABV01@@Z 10002515 f i ev_hldm.obj
 0001:0000157e       ??0Image@vgui@@QAE@ABV01@@Z 1000257e f i ev_hldm.obj
 0001:000015be       _EV_FireMP5                100025be f   ev_hldm.obj
 0001:000017da       ??4Image@vgui@@QAEAAV01@ABV01@@Z 100027da f i ev_hldm.obj
 0001:00001845       ??0Border@vgui@@QAE@ABV01@@Z 10002845 f i ev_hldm.obj
 0001:00001874       ??4Border@vgui@@QAEAAV01@ABV01@@Z 10002874 f i ev_hldm.obj
 0001:000018a6       ?setLineColor@LineBorder@vgui@@QAEXHHHH@Z 100028a6 f i ev_hldm.obj
 0001:000018ef       ??0LineBorder@vgui@@QAE@ABV01@@Z 100028ef f i ev_hldm.obj
 0001:00001937       ??4LineBorder@vgui@@QAEAAV01@ABV01@@Z 10002937 f i ev_hldm.obj
 0001:0000197e       ??0ImagePanel@vgui@@QAE@XZ 1000297e f i ev_hldm.obj
 0001:00001997       ??0ImagePanel@vgui@@QAE@ABV01@@Z 10002997 f i ev_hldm.obj
 0001:000019be       ??4ImagePanel@vgui@@QAEAAV01@ABV01@@Z 100029be f i ev_hldm.obj
 0001:000019df       ??0Bitmap@vgui@@QAE@ABV01@@Z 100029df f i ev_hldm.obj
 0001:00001a0c       ??4Bitmap@vgui@@QAEAAV01@ABV01@@Z 10002a0c f i ev_hldm.obj
 0001:00001a33       ??0BitmapTGA@vgui@@QAE@ABV01@@Z 10002a33 f i ev_hldm.obj
 0001:00001a4b       ??4BitmapTGA@vgui@@QAEAAV01@ABV01@@Z 10002a4b f i ev_hldm.obj
 0001:00001a5d       ??0InputSignal@vgui@@QAE@XZ 10002a5d f i ev_hldm.obj
 0001:00001a66       _EV_FireMP52               10002a66 f   ev_hldm.obj
 0001:00001b33       ??0InputSignal@vgui@@QAE@ABV01@@Z 10002b33 f i ev_hldm.obj
 0001:00001b3e       ??4InputSignal@vgui@@QAEAAV01@ABV01@@Z 10002b3e f i ev_hldm.obj
 0001:00001b43       ??0Button@vgui@@QAE@ABV01@@Z 10002b43 f i ev_hldm.obj
 0001:00001bc5       ??4Button@vgui@@QAEAAV01@ABV01@@Z 10002bc5 f i ev_hldm.obj
 0001:00001c41       _EV_FirePython             10002c41 f   ev_hldm.obj
 0001:00001dd0       _EV_SpinGauss              10002dd0 f   ev_hldm.obj
 0001:00001e27       ?EV_StopPreviousGauss@@YAXH@Z 10002e27 f   ev_hldm.obj
 0001:00001e4f       _EV_FireGauss              10002e4f f   ev_hldm.obj
 0001:00002776       ??_H@YGXPAXIHP6EX0@Z@Z     10003776 f i ev_hldm.obj
 0001:00002798       _EV_Crowbar                10003798 f   ev_hldm.obj
 0001:00002835       ?EV_BoltCallback@@YAXPAUtempent_s@@MM@Z 10003835 f   ev_hldm.obj
 0001:0000285c       _EV_FireCrossbow2          1000385c f   ev_hldm.obj
 0001:00002bdb       _EV_FireCrossbow           10003bdb f   ev_hldm.obj
 0001:00002cc5       _EV_FireRpg                10003cc5 f   ev_hldm.obj
 0001:00002d70       _EV_EgonFire               10003d70 f   ev_hldm.obj
 0001:0000303b       _EV_EgonStop               1000403b f   ev_hldm.obj
 0001:000030dc       _EV_HornetGunFire          100040dc f   ev_hldm.obj
 0001:000031aa       _EV_TripmineFire           100041aa f   ev_hldm.obj
 0001:000032cb       _EV_SnarkFire              100042cb f   ev_hldm.obj
 0001:00003433       _EV_TrainPitchAdjust       10004433 f   ev_hldm.obj
 0001:00003546       ?EV_TFC_IsAllyTeam@@YAHHH@Z 10004546 f   ev_hldm.obj
 0001:00003549       ??0?$Dar@D@vgui@@QAE@XZ    10004549 f i ev_hldm.obj
 0001:00003561       ??0?$Dar@D@vgui@@QAE@H@Z   10004561 f i ev_hldm.obj
 0001:0000357d       ?ensureCapacity@?$Dar@D@vgui@@QAEXH@Z 1000457d f i ev_hldm.obj
 0001:000035e5       ?setCount@?$Dar@D@vgui@@QAEXH@Z 100045e5 f i ev_hldm.obj
 0001:000035f7       ?getCount@?$Dar@D@vgui@@QAEHXZ 100045f7 f i ev_hldm.obj
 0001:000035fa       ?addElement@?$Dar@D@vgui@@QAEXD@Z 100045fa f i ev_hldm.obj
 0001:00003618       ?hasElement@?$Dar@D@vgui@@QAE_ND@Z 10004618 f i ev_hldm.obj
 0001:0000363c       ?putElement@?$Dar@D@vgui@@QAEXD@Z 1000463c f i ev_hldm.obj
 0001:00003671       ?insertElementAt@?$Dar@D@vgui@@QAEXDH@Z 10004671 f i ev_hldm.obj
 0001:000036da       ?setElementAt@?$Dar@D@vgui@@QAEXDH@Z 100046da f i ev_hldm.obj
 0001:000036f3       ?removeElementAt@?$Dar@D@vgui@@QAEXH@Z 100046f3 f i ev_hldm.obj
 0001:0000371c       ?removeElement@?$Dar@D@vgui@@QAEXD@Z 1000471c f i ev_hldm.obj
 0001:00003744       ?removeAll@?$Dar@D@vgui@@QAEXXZ 10004744 f i ev_hldm.obj
 0001:00003748       ??A?$Dar@D@vgui@@QAEDH@Z   10004748 f i ev_hldm.obj
 0001:00003761       ??0?$Dar@PAD@vgui@@QAE@XZ  10004761 f i ev_hldm.obj
 0001:00003779       ??0?$Dar@PAD@vgui@@QAE@H@Z 10004779 f i ev_hldm.obj
 0001:00003795       ?ensureCapacity@?$Dar@PAD@vgui@@QAEXH@Z 10004795 f i ev_hldm.obj
 0001:00003804       ?setCount@?$Dar@PAD@vgui@@QAEXH@Z 10004804 f i ev_hldm.obj
 0001:00003816       ?getCount@?$Dar@PAD@vgui@@QAEHXZ 10004816 f i ev_hldm.obj
 0001:00003819       ?addElement@?$Dar@PAD@vgui@@QAEXPAD@Z 10004819 f i ev_hldm.obj
 0001:00003837       ?hasElement@?$Dar@PAD@vgui@@QAE_NPAD@Z 10004837 f i ev_hldm.obj
 0001:0000385d       ?putElement@?$Dar@PAD@vgui@@QAEXPAD@Z 1000485d f i ev_hldm.obj
 0001:00003894       ?insertElementAt@?$Dar@PAD@vgui@@QAEXPADH@Z 10004894 f i ev_hldm.obj
 0001:000038ff       ?setElementAt@?$Dar@PAD@vgui@@QAEXPADH@Z 100048ff f i ev_hldm.obj
 0001:00003918       ?removeElementAt@?$Dar@PAD@vgui@@QAEXH@Z 10004918 f i ev_hldm.obj
 0001:00003944       ?removeElement@?$Dar@PAD@vgui@@QAEXPAD@Z 10004944 f i ev_hldm.obj
 0001:0000396e       ?removeAll@?$Dar@PAD@vgui@@QAEXXZ 1000496e f i ev_hldm.obj
 0001:00003972       ??A?$Dar@PAD@vgui@@QAEPADH@Z 10004972 f i ev_hldm.obj
 0001:0000398b       ??0?$Dar@H@vgui@@QAE@XZ    1000498b f i ev_hldm.obj
 0001:000039a3       ??0?$Dar@H@vgui@@QAE@H@Z   100049a3 f i ev_hldm.obj
 0001:000039bf       ?ensureCapacity@?$Dar@H@vgui@@QAEXH@Z 100049bf f i ev_hldm.obj
 0001:00003a2e       ?setCount@?$Dar@H@vgui@@QAEXH@Z 10004a2e f i ev_hldm.obj
 0001:00003a40       ?getCount@?$Dar@H@vgui@@QAEHXZ 10004a40 f i ev_hldm.obj
 0001:00003a43       ?addElement@?$Dar@H@vgui@@QAEXH@Z 10004a43 f i ev_hldm.obj
 0001:00003a61       ?hasElement@?$Dar@H@vgui@@QAE_NH@Z 10004a61 f i ev_hldm.obj
 0001:00003a87       ?putElement@?$Dar@H@vgui@@QAEXH@Z 10004a87 f i ev_hldm.obj
 0001:00003abe       ?insertElementAt@?$Dar@H@vgui@@QAEXHH@Z 10004abe f i ev_hldm.obj
 0001:00003b29       ?setElementAt@?$Dar@H@vgui@@QAEXHH@Z 10004b29 f i ev_hldm.obj
 0001:00003b42       ?removeElementAt@?$Dar@H@vgui@@QAEXH@Z 10004b42 f i ev_hldm.obj
 0001:00003b6e       ?removeElement@?$Dar@H@vgui@@QAEXH@Z 10004b6e f i ev_hldm.obj
 0001:00003b98       ?removeAll@?$Dar@H@vgui@@QAEXXZ 10004b98 f i ev_hldm.obj
 0001:00003b9c       ??A?$Dar@H@vgui@@QAEHH@Z   10004b9c f i ev_hldm.obj
 0001:00003bb5       ??0?$Dar@PAVButton@vgui@@@vgui@@QAE@XZ 10004bb5 f i ev_hldm.obj
 0001:00003bcd       ??0?$Dar@PAVButton@vgui@@@vgui@@QAE@H@Z 10004bcd f i ev_hldm.obj
 0001:00003be9       ?ensureCapacity@?$Dar@PAVButton@vgui@@@vgui@@QAEXH@Z 10004be9 f i ev_hldm.obj
 0001:00003c58       ?setCount@?$Dar@PAVButton@vgui@@@vgui@@QAEXH@Z 10004c58 f i ev_hldm.obj
 0001:00003c6a       ?getCount@?$Dar@PAVButton@vgui@@@vgui@@QAEHXZ 10004c6a f i ev_hldm.obj
 0001:00003c6d       ?addElement@?$Dar@PAVButton@vgui@@@vgui@@QAEXPAVButton@2@@Z 10004c6d f i ev_hldm.obj
 0001:00003c8b       ?hasElement@?$Dar@PAVButton@vgui@@@vgui@@QAE_NPAVButton@2@@Z 10004c8b f i ev_hldm.obj
 0001:00003cb1       ?putElement@?$Dar@PAVButton@vgui@@@vgui@@QAEXPAVButton@2@@Z 10004cb1 f i ev_hldm.obj
 0001:00003ce8       ?insertElementAt@?$Dar@PAVButton@vgui@@@vgui@@QAEXPAVButton@2@H@Z 10004ce8 f i ev_hldm.obj
 0001:00003d53       ?setElementAt@?$Dar@PAVButton@vgui@@@vgui@@QAEXPAVButton@2@H@Z 10004d53 f i ev_hldm.obj
 0001:00003d6c       ?removeElementAt@?$Dar@PAVButton@vgui@@@vgui@@QAEXH@Z 10004d6c f i ev_hldm.obj
 0001:00003d98       ?removeElement@?$Dar@PAVButton@vgui@@@vgui@@QAEXPAVButton@2@@Z 10004d98 f i ev_hldm.obj
 0001:00003dc2       ?removeAll@?$Dar@PAVButton@vgui@@@vgui@@QAEXXZ 10004dc2 f i ev_hldm.obj
 0001:00003dc6       ??A?$Dar@PAVButton@vgui@@@vgui@@QAEPAVButton@1@H@Z 10004dc6 f i ev_hldm.obj
 0001:00003ddf       ??0?$Dar@PAVSurfaceBase@vgui@@@vgui@@QAE@XZ 10004ddf f i ev_hldm.obj
 0001:00003df7       ??0?$Dar@PAVSurfaceBase@vgui@@@vgui@@QAE@H@Z 10004df7 f i ev_hldm.obj
 0001:00003e13       ?ensureCapacity@?$Dar@PAVSurfaceBase@vgui@@@vgui@@QAEXH@Z 10004e13 f i ev_hldm.obj
 0001:00003e82       ?setCount@?$Dar@PAVSurfaceBase@vgui@@@vgui@@QAEXH@Z 10004e82 f i ev_hldm.obj
 0001:00003e94       ?getCount@?$Dar@PAVSurfaceBase@vgui@@@vgui@@QAEHXZ 10004e94 f i ev_hldm.obj
 0001:00003e97       ?addElement@?$Dar@PAVSurfaceBase@vgui@@@vgui@@QAEXPAVSurfaceBase@2@@Z 10004e97 f i ev_hldm.obj
 0001:00003eb5       ?hasElement@?$Dar@PAVSurfaceBase@vgui@@@vgui@@QAE_NPAVSurfaceBase@2@@Z 10004eb5 f i ev_hldm.obj
 0001:00003edb       ?putElement@?$Dar@PAVSurfaceBase@vgui@@@vgui@@QAEXPAVSurfaceBase@2@@Z 10004edb f i ev_hldm.obj
 0001:00003f12       ?insertElementAt@?$Dar@PAVSurfaceBase@vgui@@@vgui@@QAEXPAVSurfaceBase@2@H@Z 10004f12 f i ev_hldm.obj
 0001:00003f7d       ?setElementAt@?$Dar@PAVSurfaceBase@vgui@@@vgui@@QAEXPAVSurfaceBase@2@H@Z 10004f7d f i ev_hldm.obj
 0001:00003f96       ?removeElementAt@?$Dar@PAVSurfaceBase@vgui@@@vgui@@QAEXH@Z 10004f96 f i ev_hldm.obj
 0001:00003fc2       ?removeElement@?$Dar@PAVSurfaceBase@vgui@@@vgui@@QAEXPAVSurfaceBase@2@@Z 10004fc2 f i ev_hldm.obj
 0001:00003fec       ?removeAll@?$Dar@PAVSurfaceBase@vgui@@@vgui@@QAEXXZ 10004fec f i ev_hldm.obj
 0001:00003ff0       ??A?$Dar@PAVSurfaceBase@vgui@@@vgui@@QAEPAVSurfaceBase@1@H@Z 10004ff0 f i ev_hldm.obj
 0001:00004009       ??0?$Dar@PAVInputSignal@vgui@@@vgui@@QAE@XZ 10005009 f i ev_hldm.obj
 0001:00004021       ??0?$Dar@PAVInputSignal@vgui@@@vgui@@QAE@H@Z 10005021 f i ev_hldm.obj
 0001:0000403d       ?ensureCapacity@?$Dar@PAVInputSignal@vgui@@@vgui@@QAEXH@Z 1000503d f i ev_hldm.obj
 0001:000040ac       ?setCount@?$Dar@PAVInputSignal@vgui@@@vgui@@QAEXH@Z 100050ac f i ev_hldm.obj
 0001:000040be       ?getCount@?$Dar@PAVInputSignal@vgui@@@vgui@@QAEHXZ 100050be f i ev_hldm.obj
 0001:000040c1       ?addElement@?$Dar@PAVInputSignal@vgui@@@vgui@@QAEXPAVInputSignal@2@@Z 100050c1 f i ev_hldm.obj
 0001:000040df       ?hasElement@?$Dar@PAVInputSignal@vgui@@@vgui@@QAE_NPAVInputSignal@2@@Z 100050df f i ev_hldm.obj
 0001:00004105       ?putElement@?$Dar@PAVInputSignal@vgui@@@vgui@@QAEXPAVInputSignal@2@@Z 10005105 f i ev_hldm.obj
 0001:0000413c       ?insertElementAt@?$Dar@PAVInputSignal@vgui@@@vgui@@QAEXPAVInputSignal@2@H@Z 1000513c f i ev_hldm.obj
 0001:000041a7       ?setElementAt@?$Dar@PAVInputSignal@vgui@@@vgui@@QAEXPAVInputSignal@2@H@Z 100051a7 f i ev_hldm.obj
 0001:000041c0       ?removeElementAt@?$Dar@PAVInputSignal@vgui@@@vgui@@QAEXH@Z 100051c0 f i ev_hldm.obj
 0001:000041ec       ?removeElement@?$Dar@PAVInputSignal@vgui@@@vgui@@QAEXPAVInputSignal@2@@Z 100051ec f i ev_hldm.obj
 0001:00004216       ?removeAll@?$Dar@PAVInputSignal@vgui@@@vgui@@QAEXXZ 10005216 f i ev_hldm.obj
 0001:0000421a       ??A?$Dar@PAVInputSignal@vgui@@@vgui@@QAEPAVInputSignal@1@H@Z 1000521a f i ev_hldm.obj
 0001:00004233       ??0?$Dar@PAVFocusChangeSignal@vgui@@@vgui@@QAE@XZ 10005233 f i ev_hldm.obj
 0001:0000424b       ??0?$Dar@PAVFocusChangeSignal@vgui@@@vgui@@QAE@H@Z 1000524b f i ev_hldm.obj
 0001:00004267       ?ensureCapacity@?$Dar@PAVFocusChangeSignal@vgui@@@vgui@@QAEXH@Z 10005267 f i ev_hldm.obj
 0001:000042d6       ?setCount@?$Dar@PAVFocusChangeSignal@vgui@@@vgui@@QAEXH@Z 100052d6 f i ev_hldm.obj
 0001:000042e8       ?getCount@?$Dar@PAVFocusChangeSignal@vgui@@@vgui@@QAEHXZ 100052e8 f i ev_hldm.obj
 0001:000042eb       ?addElement@?$Dar@PAVFocusChangeSignal@vgui@@@vgui@@QAEXPAVFocusChangeSignal@2@@Z 100052eb f i ev_hldm.obj
 0001:00004309       ?hasElement@?$Dar@PAVFocusChangeSignal@vgui@@@vgui@@QAE_NPAVFocusChangeSignal@2@@Z 10005309 f i ev_hldm.obj
 0001:0000432f       ?putElement@?$Dar@PAVFocusChangeSignal@vgui@@@vgui@@QAEXPAVFocusChangeSignal@2@@Z 1000532f f i ev_hldm.obj
 0001:00004366       ?insertElementAt@?$Dar@PAVFocusChangeSignal@vgui@@@vgui@@QAEXPAVFocusChangeSignal@2@H@Z 10005366 f i ev_hldm.obj
 0001:000043d1       ?setElementAt@?$Dar@PAVFocusChangeSignal@vgui@@@vgui@@QAEXPAVFocusChangeSignal@2@H@Z 100053d1 f i ev_hldm.obj
 0001:000043ea       ?removeElementAt@?$Dar@PAVFocusChangeSignal@vgui@@@vgui@@QAEXH@Z 100053ea f i ev_hldm.obj
 0001:00004416       ?removeElement@?$Dar@PAVFocusChangeSignal@vgui@@@vgui@@QAEXPAVFocusChangeSignal@2@@Z 10005416 f i ev_hldm.obj
 0001:00004440       ?removeAll@?$Dar@PAVFocusChangeSignal@vgui@@@vgui@@QAEXXZ 10005440 f i ev_hldm.obj
 0001:00004444       ??A?$Dar@PAVFocusChangeSignal@vgui@@@vgui@@QAEPAVFocusChangeSignal@1@H@Z 10005444 f i ev_hldm.obj
 0001:0000445d       ??0?$Dar@PAVFrameSignal@vgui@@@vgui@@QAE@XZ 1000545d f i ev_hldm.obj
 0001:00004475       ??0?$Dar@PAVFrameSignal@vgui@@@vgui@@QAE@H@Z 10005475 f i ev_hldm.obj
 0001:00004491       ?ensureCapacity@?$Dar@PAVFrameSignal@vgui@@@vgui@@QAEXH@Z 10005491 f i ev_hldm.obj
 0001:00004500       ?setCount@?$Dar@PAVFrameSignal@vgui@@@vgui@@QAEXH@Z 10005500 f i ev_hldm.obj
 0001:00004512       ?getCount@?$Dar@PAVFrameSignal@vgui@@@vgui@@QAEHXZ 10005512 f i ev_hldm.obj
 0001:00004515       ?addElement@?$Dar@PAVFrameSignal@vgui@@@vgui@@QAEXPAVFrameSignal@2@@Z 10005515 f i ev_hldm.obj
 0001:00004533       ?hasElement@?$Dar@PAVFrameSignal@vgui@@@vgui@@QAE_NPAVFrameSignal@2@@Z 10005533 f i ev_hldm.obj
 0001:00004559       ?putElement@?$Dar@PAVFrameSignal@vgui@@@vgui@@QAEXPAVFrameSignal@2@@Z 10005559 f i ev_hldm.obj
 0001:00004590       ?insertElementAt@?$Dar@PAVFrameSignal@vgui@@@vgui@@QAEXPAVFrameSignal@2@H@Z 10005590 f i ev_hldm.obj
 0001:000045fb       ?setElementAt@?$Dar@PAVFrameSignal@vgui@@@vgui@@QAEXPAVFrameSignal@2@H@Z 100055fb f i ev_hldm.obj
 0001:00004614       ?removeElementAt@?$Dar@PAVFrameSignal@vgui@@@vgui@@QAEXH@Z 10005614 f i ev_hldm.obj
 0001:00004640       ?removeElement@?$Dar@PAVFrameSignal@vgui@@@vgui@@QAEXPAVFrameSignal@2@@Z 10005640 f i ev_hldm.obj
 0001:0000466a       ?removeAll@?$Dar@PAVFrameSignal@vgui@@@vgui@@QAEXXZ 1000566a f i ev_hldm.obj
 0001:0000466e       ??A?$Dar@PAVFrameSignal@vgui@@@vgui@@QAEPAVFrameSignal@1@H@Z 1000566e f i ev_hldm.obj
 0001:00004687       ??0?$Dar@PAVActionSignal@vgui@@@vgui@@QAE@XZ 10005687 f i ev_hldm.obj
 0001:0000469f       ??0?$Dar@PAVActionSignal@vgui@@@vgui@@QAE@H@Z 1000569f f i ev_hldm.obj
 0001:000046bb       ?ensureCapacity@?$Dar@PAVActionSignal@vgui@@@vgui@@QAEXH@Z 100056bb f i ev_hldm.obj
 0001:0000472a       ?setCount@?$Dar@PAVActionSignal@vgui@@@vgui@@QAEXH@Z 1000572a f i ev_hldm.obj
 0001:0000473c       ?getCount@?$Dar@PAVActionSignal@vgui@@@vgui@@QAEHXZ 1000573c f i ev_hldm.obj
 0001:0000473f       ?addElement@?$Dar@PAVActionSignal@vgui@@@vgui@@QAEXPAVActionSignal@2@@Z 1000573f f i ev_hldm.obj
 0001:0000475d       ?hasElement@?$Dar@PAVActionSignal@vgui@@@vgui@@QAE_NPAVActionSignal@2@@Z 1000575d f i ev_hldm.obj
 0001:00004783       ?putElement@?$Dar@PAVActionSignal@vgui@@@vgui@@QAEXPAVActionSignal@2@@Z 10005783 f i ev_hldm.obj
 0001:000047ba       ?insertElementAt@?$Dar@PAVActionSignal@vgui@@@vgui@@QAEXPAVActionSignal@2@H@Z 100057ba f i ev_hldm.obj
 0001:00004825       ?setElementAt@?$Dar@PAVActionSignal@vgui@@@vgui@@QAEXPAVActionSignal@2@H@Z 10005825 f i ev_hldm.obj
 0001:0000483e       ?removeElementAt@?$Dar@PAVActionSignal@vgui@@@vgui@@QAEXH@Z 1000583e f i ev_hldm.obj
 0001:0000486a       ?removeElement@?$Dar@PAVActionSignal@vgui@@@vgui@@QAEXPAVActionSignal@2@@Z 1000586a f i ev_hldm.obj
 0001:00004894       ?removeAll@?$Dar@PAVActionSignal@vgui@@@vgui@@QAEXXZ 10005894 f i ev_hldm.obj
 0001:00004898       ??A?$Dar@PAVActionSignal@vgui@@@vgui@@QAEPAVActionSignal@1@H@Z 10005898 f i ev_hldm.obj
 0001:000048b1       ??0?$Dar@PAVIntChangeSignal@vgui@@@vgui@@QAE@XZ 100058b1 f i ev_hldm.obj
 0001:000048c9       ??0?$Dar@PAVIntChangeSignal@vgui@@@vgui@@QAE@H@Z 100058c9 f i ev_hldm.obj
 0001:000048e5       ?ensureCapacity@?$Dar@PAVIntChangeSignal@vgui@@@vgui@@QAEXH@Z 100058e5 f i ev_hldm.obj
 0001:00004954       ?setCount@?$Dar@PAVIntChangeSignal@vgui@@@vgui@@QAEXH@Z 10005954 f i ev_hldm.obj
 0001:00004966       ?getCount@?$Dar@PAVIntChangeSignal@vgui@@@vgui@@QAEHXZ 10005966 f i ev_hldm.obj
 0001:00004969       ?addElement@?$Dar@PAVIntChangeSignal@vgui@@@vgui@@QAEXPAVIntChangeSignal@2@@Z 10005969 f i ev_hldm.obj
 0001:00004987       ?hasElement@?$Dar@PAVIntChangeSignal@vgui@@@vgui@@QAE_NPAVIntChangeSignal@2@@Z 10005987 f i ev_hldm.obj
 0001:000049ad       ?putElement@?$Dar@PAVIntChangeSignal@vgui@@@vgui@@QAEXPAVIntChangeSignal@2@@Z 100059ad f i ev_hldm.obj
 0001:000049e4       ?insertElementAt@?$Dar@PAVIntChangeSignal@vgui@@@vgui@@QAEXPAVIntChangeSignal@2@H@Z 100059e4 f i ev_hldm.obj
 0001:00004a4f       ?setElementAt@?$Dar@PAVIntChangeSignal@vgui@@@vgui@@QAEXPAVIntChangeSignal@2@H@Z 10005a4f f i ev_hldm.obj
 0001:00004a68       ?removeElementAt@?$Dar@PAVIntChangeSignal@vgui@@@vgui@@QAEXH@Z 10005a68 f i ev_hldm.obj
 0001:00004a94       ?removeElement@?$Dar@PAVIntChangeSignal@vgui@@@vgui@@QAEXPAVIntChangeSignal@2@@Z 10005a94 f i ev_hldm.obj
 0001:00004abe       ?removeAll@?$Dar@PAVIntChangeSignal@vgui@@@vgui@@QAEXXZ 10005abe f i ev_hldm.obj
 0001:00004ac2       ??A?$Dar@PAVIntChangeSignal@vgui@@@vgui@@QAEPAVIntChangeSignal@1@H@Z 10005ac2 f i ev_hldm.obj
 0001:00004adb       ??0?$Dar@PAVTickSignal@vgui@@@vgui@@QAE@XZ 10005adb f i ev_hldm.obj
 0001:00004af3       ??0?$Dar@PAVTickSignal@vgui@@@vgui@@QAE@H@Z 10005af3 f i ev_hldm.obj
 0001:00004b0f       ?ensureCapacity@?$Dar@PAVTickSignal@vgui@@@vgui@@QAEXH@Z 10005b0f f i ev_hldm.obj
 0001:00004b7e       ?setCount@?$Dar@PAVTickSignal@vgui@@@vgui@@QAEXH@Z 10005b7e f i ev_hldm.obj
 0001:00004b90       ?getCount@?$Dar@PAVTickSignal@vgui@@@vgui@@QAEHXZ 10005b90 f i ev_hldm.obj
 0001:00004b93       ?addElement@?$Dar@PAVTickSignal@vgui@@@vgui@@QAEXPAVTickSignal@2@@Z 10005b93 f i ev_hldm.obj
 0001:00004bb1       ?hasElement@?$Dar@PAVTickSignal@vgui@@@vgui@@QAE_NPAVTickSignal@2@@Z 10005bb1 f i ev_hldm.obj
 0001:00004bd7       ?putElement@?$Dar@PAVTickSignal@vgui@@@vgui@@QAEXPAVTickSignal@2@@Z 10005bd7 f i ev_hldm.obj
 0001:00004c0e       ?insertElementAt@?$Dar@PAVTickSignal@vgui@@@vgui@@QAEXPAVTickSignal@2@H@Z 10005c0e f i ev_hldm.obj
 0001:00004c79       ?setElementAt@?$Dar@PAVTickSignal@vgui@@@vgui@@QAEXPAVTickSignal@2@H@Z 10005c79 f i ev_hldm.obj
 0001:00004c92       ?removeElementAt@?$Dar@PAVTickSignal@vgui@@@vgui@@QAEXH@Z 10005c92 f i ev_hldm.obj
 0001:00004cbe       ?removeElement@?$Dar@PAVTickSignal@vgui@@@vgui@@QAEXPAVTickSignal@2@@Z 10005cbe f i ev_hldm.obj
 0001:00004ce8       ?removeAll@?$Dar@PAVTickSignal@vgui@@@vgui@@QAEXXZ 10005ce8 f i ev_hldm.obj
 0001:00004cec       ??A?$Dar@PAVTickSignal@vgui@@@vgui@@QAEPAVTickSignal@1@H@Z 10005cec f i ev_hldm.obj
 0001:00004d05       ??0?$Dar@PAV?$Dar@D@vgui@@@vgui@@QAE@XZ 10005d05 f i ev_hldm.obj
 0001:00004d1d       ??0?$Dar@PAV?$Dar@D@vgui@@@vgui@@QAE@H@Z 10005d1d f i ev_hldm.obj
 0001:00004d39       ?ensureCapacity@?$Dar@PAV?$Dar@D@vgui@@@vgui@@QAEXH@Z 10005d39 f i ev_hldm.obj
 0001:00004da8       ?setCount@?$Dar@PAV?$Dar@D@vgui@@@vgui@@QAEXH@Z 10005da8 f i ev_hldm.obj
 0001:00004dba       ?getCount@?$Dar@PAV?$Dar@D@vgui@@@vgui@@QAEHXZ 10005dba f i ev_hldm.obj
 0001:00004dbd       ?addElement@?$Dar@PAV?$Dar@D@vgui@@@vgui@@QAEXPAV?$Dar@D@2@@Z 10005dbd f i ev_hldm.obj
 0001:00004ddb       ?hasElement@?$Dar@PAV?$Dar@D@vgui@@@vgui@@QAE_NPAV?$Dar@D@2@@Z 10005ddb f i ev_hldm.obj
 0001:00004e01       ?putElement@?$Dar@PAV?$Dar@D@vgui@@@vgui@@QAEXPAV?$Dar@D@2@@Z 10005e01 f i ev_hldm.obj
 0001:00004e38       ?insertElementAt@?$Dar@PAV?$Dar@D@vgui@@@vgui@@QAEXPAV?$Dar@D@2@H@Z 10005e38 f i ev_hldm.obj
 0001:00004ea3       ?setElementAt@?$Dar@PAV?$Dar@D@vgui@@@vgui@@QAEXPAV?$Dar@D@2@H@Z 10005ea3 f i ev_hldm.obj
 0001:00004ebc       ?removeElementAt@?$Dar@PAV?$Dar@D@vgui@@@vgui@@QAEXH@Z 10005ebc f i ev_hldm.obj
 0001:00004ee8       ?removeElement@?$Dar@PAV?$Dar@D@vgui@@@vgui@@QAEXPAV?$Dar@D@2@@Z 10005ee8 f i ev_hldm.obj
 0001:00004f12       ?removeAll@?$Dar@PAV?$Dar@D@vgui@@@vgui@@QAEXXZ 10005f12 f i ev_hldm.obj
 0001:00004f16       ??A?$Dar@PAV?$Dar@D@vgui@@@vgui@@QAEPAV?$Dar@D@1@H@Z 10005f16 f i ev_hldm.obj
 0001:00004f2f       ??0?$Dar@PAVFrame@vgui@@@vgui@@QAE@XZ 10005f2f f i ev_hldm.obj
 0001:00004f47       ??0?$Dar@PAVFrame@vgui@@@vgui@@QAE@H@Z 10005f47 f i ev_hldm.obj
 0001:00004f63       ?ensureCapacity@?$Dar@PAVFrame@vgui@@@vgui@@QAEXH@Z 10005f63 f i ev_hldm.obj
 0001:00004fd2       ?setCount@?$Dar@PAVFrame@vgui@@@vgui@@QAEXH@Z 10005fd2 f i ev_hldm.obj
 0001:00004fe4       ?getCount@?$Dar@PAVFrame@vgui@@@vgui@@QAEHXZ 10005fe4 f i ev_hldm.obj
 0001:00004fe7       ?addElement@?$Dar@PAVFrame@vgui@@@vgui@@QAEXPAVFrame@2@@Z 10005fe7 f i ev_hldm.obj
 0001:00005005       ?hasElement@?$Dar@PAVFrame@vgui@@@vgui@@QAE_NPAVFrame@2@@Z 10006005 f i ev_hldm.obj
 0001:0000502b       ?putElement@?$Dar@PAVFrame@vgui@@@vgui@@QAEXPAVFrame@2@@Z 1000602b f i ev_hldm.obj
 0001:00005062       ?insertElementAt@?$Dar@PAVFrame@vgui@@@vgui@@QAEXPAVFrame@2@H@Z 10006062 f i ev_hldm.obj
 0001:000050cd       ?setElementAt@?$Dar@PAVFrame@vgui@@@vgui@@QAEXPAVFrame@2@H@Z 100060cd f i ev_hldm.obj
 0001:000050e6       ?removeElementAt@?$Dar@PAVFrame@vgui@@@vgui@@QAEXH@Z 100060e6 f i ev_hldm.obj
 0001:00005112       ?removeElement@?$Dar@PAVFrame@vgui@@@vgui@@QAEXPAVFrame@2@@Z 10006112 f i ev_hldm.obj
 0001:0000513c       ?removeAll@?$Dar@PAVFrame@vgui@@@vgui@@QAEXXZ 1000613c f i ev_hldm.obj
 0001:00005140       ??A?$Dar@PAVFrame@vgui@@@vgui@@QAEPAVFrame@1@H@Z 10006140 f i ev_hldm.obj
 0001:00005159       ??0?$Dar@PAVDesktopIcon@vgui@@@vgui@@QAE@XZ 10006159 f i ev_hldm.obj
 0001:00005171       ??0?$Dar@PAVDesktopIcon@vgui@@@vgui@@QAE@H@Z 10006171 f i ev_hldm.obj
 0001:0000518d       ?ensureCapacity@?$Dar@PAVDesktopIcon@vgui@@@vgui@@QAEXH@Z 1000618d f i ev_hldm.obj
 0001:000051fc       ?setCount@?$Dar@PAVDesktopIcon@vgui@@@vgui@@QAEXH@Z 100061fc f i ev_hldm.obj
 0001:0000520e       ?getCount@?$Dar@PAVDesktopIcon@vgui@@@vgui@@QAEHXZ 1000620e f i ev_hldm.obj
 0001:00005211       ?addElement@?$Dar@PAVDesktopIcon@vgui@@@vgui@@QAEXPAVDesktopIcon@2@@Z 10006211 f i ev_hldm.obj
 0001:0000522f       ?hasElement@?$Dar@PAVDesktopIcon@vgui@@@vgui@@QAE_NPAVDesktopIcon@2@@Z 1000622f f i ev_hldm.obj
 0001:00005255       ?putElement@?$Dar@PAVDesktopIcon@vgui@@@vgui@@QAEXPAVDesktopIcon@2@@Z 10006255 f i ev_hldm.obj
 0001:0000528c       ?insertElementAt@?$Dar@PAVDesktopIcon@vgui@@@vgui@@QAEXPAVDesktopIcon@2@H@Z 1000628c f i ev_hldm.obj
 0001:000052f7       ?setElementAt@?$Dar@PAVDesktopIcon@vgui@@@vgui@@QAEXPAVDesktopIcon@2@H@Z 100062f7 f i ev_hldm.obj
 0001:00005310       ?removeElementAt@?$Dar@PAVDesktopIcon@vgui@@@vgui@@QAEXH@Z 10006310 f i ev_hldm.obj
 0001:0000533c       ?removeElement@?$Dar@PAVDesktopIcon@vgui@@@vgui@@QAEXPAVDesktopIcon@2@@Z 1000633c f i ev_hldm.obj
 0001:00005366       ?removeAll@?$Dar@PAVDesktopIcon@vgui@@@vgui@@QAEXXZ 10006366 f i ev_hldm.obj
 0001:0000536a       ??A?$Dar@PAVDesktopIcon@vgui@@@vgui@@QAEPAVDesktopIcon@1@H@Z 1000636a f i ev_hldm.obj
 0001:00005383       ??0?$Dar@PAVChangeSignal@vgui@@@vgui@@QAE@XZ 10006383 f i ev_hldm.obj
 0001:0000539b       ??0?$Dar@PAVChangeSignal@vgui@@@vgui@@QAE@H@Z 1000639b f i ev_hldm.obj
 0001:000053b7       ?ensureCapacity@?$Dar@PAVChangeSignal@vgui@@@vgui@@QAEXH@Z 100063b7 f i ev_hldm.obj
 0001:00005426       ?setCount@?$Dar@PAVChangeSignal@vgui@@@vgui@@QAEXH@Z 10006426 f i ev_hldm.obj
 0001:00005438       ?getCount@?$Dar@PAVChangeSignal@vgui@@@vgui@@QAEHXZ 10006438 f i ev_hldm.obj
 0001:0000543b       ?addElement@?$Dar@PAVChangeSignal@vgui@@@vgui@@QAEXPAVChangeSignal@2@@Z 1000643b f i ev_hldm.obj
 0001:00005459       ?hasElement@?$Dar@PAVChangeSignal@vgui@@@vgui@@QAE_NPAVChangeSignal@2@@Z 10006459 f i ev_hldm.obj
 0001:0000547f       ?putElement@?$Dar@PAVChangeSignal@vgui@@@vgui@@QAEXPAVChangeSignal@2@@Z 1000647f f i ev_hldm.obj
 0001:000054b6       ?insertElementAt@?$Dar@PAVChangeSignal@vgui@@@vgui@@QAEXPAVChangeSignal@2@H@Z 100064b6 f i ev_hldm.obj
 0001:00005521       ?setElementAt@?$Dar@PAVChangeSignal@vgui@@@vgui@@QAEXPAVChangeSignal@2@H@Z 10006521 f i ev_hldm.obj
 0001:0000553a       ?removeElementAt@?$Dar@PAVChangeSignal@vgui@@@vgui@@QAEXH@Z 1000653a f i ev_hldm.obj
 0001:00005566       ?removeElement@?$Dar@PAVChangeSignal@vgui@@@vgui@@QAEXPAVChangeSignal@2@@Z 10006566 f i ev_hldm.obj
 0001:00005590       ?removeAll@?$Dar@PAVChangeSignal@vgui@@@vgui@@QAEXXZ 10006590 f i ev_hldm.obj
 0001:00005594       ??A?$Dar@PAVChangeSignal@vgui@@@vgui@@QAEPAVChangeSignal@1@H@Z 10006594 f i ev_hldm.obj
 0001:000055ad       ??0?$Dar@PAVPanel@vgui@@@vgui@@QAE@XZ 100065ad f i ev_hldm.obj
 0001:000055c5       ??0?$Dar@PAVPanel@vgui@@@vgui@@QAE@H@Z 100065c5 f i ev_hldm.obj
 0001:000055e1       ?ensureCapacity@?$Dar@PAVPanel@vgui@@@vgui@@QAEXH@Z 100065e1 f i ev_hldm.obj
 0001:00005650       ?setCount@?$Dar@PAVPanel@vgui@@@vgui@@QAEXH@Z 10006650 f i ev_hldm.obj
 0001:00005662       ?getCount@?$Dar@PAVPanel@vgui@@@vgui@@QAEHXZ 10006662 f i ev_hldm.obj
 0001:00005665       ?addElement@?$Dar@PAVPanel@vgui@@@vgui@@QAEXPAVPanel@2@@Z 10006665 f i ev_hldm.obj
 0001:00005683       ?hasElement@?$Dar@PAVPanel@vgui@@@vgui@@QAE_NPAVPanel@2@@Z 10006683 f i ev_hldm.obj
 0001:000056a9       ?putElement@?$Dar@PAVPanel@vgui@@@vgui@@QAEXPAVPanel@2@@Z 100066a9 f i ev_hldm.obj
 0001:000056e0       ?insertElementAt@?$Dar@PAVPanel@vgui@@@vgui@@QAEXPAVPanel@2@H@Z 100066e0 f i ev_hldm.obj
 0001:0000574b       ?setElementAt@?$Dar@PAVPanel@vgui@@@vgui@@QAEXPAVPanel@2@H@Z 1000674b f i ev_hldm.obj
 0001:00005764       ?removeElementAt@?$Dar@PAVPanel@vgui@@@vgui@@QAEXH@Z 10006764 f i ev_hldm.obj
 0001:00005790       ?removeElement@?$Dar@PAVPanel@vgui@@@vgui@@QAEXPAVPanel@2@@Z 10006790 f i ev_hldm.obj
 0001:000057ba       ?removeAll@?$Dar@PAVPanel@vgui@@@vgui@@QAEXXZ 100067ba f i ev_hldm.obj
 0001:000057be       ??A?$Dar@PAVPanel@vgui@@@vgui@@QAEPAVPanel@1@H@Z 100067be f i ev_hldm.obj
 0001:000057d7       ??0?$Dar@PAVLabel@vgui@@@vgui@@QAE@XZ 100067d7 f i ev_hldm.obj
 0001:000057ef       ??0?$Dar@PAVLabel@vgui@@@vgui@@QAE@H@Z 100067ef f i ev_hldm.obj
 0001:0000580b       ?ensureCapacity@?$Dar@PAVLabel@vgui@@@vgui@@QAEXH@Z 1000680b f i ev_hldm.obj
 0001:0000587a       ?setCount@?$Dar@PAVLabel@vgui@@@vgui@@QAEXH@Z 1000687a f i ev_hldm.obj
 0001:0000588c       ?getCount@?$Dar@PAVLabel@vgui@@@vgui@@QAEHXZ 1000688c f i ev_hldm.obj
 0001:0000588f       ?addElement@?$Dar@PAVLabel@vgui@@@vgui@@QAEXPAVLabel@2@@Z 1000688f f i ev_hldm.obj
 0001:000058ad       ?hasElement@?$Dar@PAVLabel@vgui@@@vgui@@QAE_NPAVLabel@2@@Z 100068ad f i ev_hldm.obj
 0001:000058d3       ?putElement@?$Dar@PAVLabel@vgui@@@vgui@@QAEXPAVLabel@2@@Z 100068d3 f i ev_hldm.obj
 0001:0000590a       ?insertElementAt@?$Dar@PAVLabel@vgui@@@vgui@@QAEXPAVLabel@2@H@Z 1000690a f i ev_hldm.obj
 0001:00005975       ?setElementAt@?$Dar@PAVLabel@vgui@@@vgui@@QAEXPAVLabel@2@H@Z 10006975 f i ev_hldm.obj
 0001:0000598e       ?removeElementAt@?$Dar@PAVLabel@vgui@@@vgui@@QAEXH@Z 1000698e f i ev_hldm.obj
 0001:000059ba       ?removeElement@?$Dar@PAVLabel@vgui@@@vgui@@QAEXPAVLabel@2@@Z 100069ba f i ev_hldm.obj
 0001:000059e4       ?removeAll@?$Dar@PAVLabel@vgui@@@vgui@@QAEXXZ 100069e4 f i ev_hldm.obj
 0001:000059e8       ??A?$Dar@PAVLabel@vgui@@@vgui@@QAEPAVLabel@1@H@Z 100069e8 f i ev_hldm.obj
 0001:00005a01       ??0?$Dar@PAVRepaintSignal@vgui@@@vgui@@QAE@XZ 10006a01 f i ev_hldm.obj
 0001:00005a19       ??0?$Dar@PAVRepaintSignal@vgui@@@vgui@@QAE@H@Z 10006a19 f i ev_hldm.obj
 0001:00005a35       ?ensureCapacity@?$Dar@PAVRepaintSignal@vgui@@@vgui@@QAEXH@Z 10006a35 f i ev_hldm.obj
 0001:00005aa4       ?setCount@?$Dar@PAVRepaintSignal@vgui@@@vgui@@QAEXH@Z 10006aa4 f i ev_hldm.obj
 0001:00005ab6       ?getCount@?$Dar@PAVRepaintSignal@vgui@@@vgui@@QAEHXZ 10006ab6 f i ev_hldm.obj
 0001:00005ab9       ?addElement@?$Dar@PAVRepaintSignal@vgui@@@vgui@@QAEXPAVRepaintSignal@2@@Z 10006ab9 f i ev_hldm.obj
 0001:00005ad7       ?hasElement@?$Dar@PAVRepaintSignal@vgui@@@vgui@@QAE_NPAVRepaintSignal@2@@Z 10006ad7 f i ev_hldm.obj
 0001:00005afd       ?putElement@?$Dar@PAVRepaintSignal@vgui@@@vgui@@QAEXPAVRepaintSignal@2@@Z 10006afd f i ev_hldm.obj
 0001:00005b34       ?insertElementAt@?$Dar@PAVRepaintSignal@vgui@@@vgui@@QAEXPAVRepaintSignal@2@H@Z 10006b34 f i ev_hldm.obj
 0001:00005b9f       ?setElementAt@?$Dar@PAVRepaintSignal@vgui@@@vgui@@QAEXPAVRepaintSignal@2@H@Z 10006b9f f i ev_hldm.obj
 0001:00005bb8       ?removeElementAt@?$Dar@PAVRepaintSignal@vgui@@@vgui@@QAEXH@Z 10006bb8 f i ev_hldm.obj
 0001:00005be4       ?removeElement@?$Dar@PAVRepaintSignal@vgui@@@vgui@@QAEXPAVRepaintSignal@2@@Z 10006be4 f i ev_hldm.obj
 0001:00005c0e       ?removeAll@?$Dar@PAVRepaintSignal@vgui@@@vgui@@QAEXXZ 10006c0e f i ev_hldm.obj
 0001:00005c12       ??A?$Dar@PAVRepaintSignal@vgui@@@vgui@@QAEPAVRepaintSignal@1@H@Z 10006c12 f i ev_hldm.obj
 0001:00005c49       ?EMIT_SOUND_DYN@@YAXPAUedict_s@@HPBDMMHH@Z 10006c49 f   hl_baseentity.obj
 0001:00005c4a       ?TakeHealth@CBaseEntity@@UAEHMH@Z 10006c4a f   hl_baseentity.obj
 0001:00005c50       ?TakeDamage@CBaseEntity@@UAEHPAUentvars_s@@0MH@Z 10006c50 f   hl_baseentity.obj
 0001:00005c56       ?GetNextTarget@CBaseEntity@@UAEPAV1@XZ 10006c56 f   hl_baseentity.obj
 0001:00005c59       ?Save@CBaseEntity@@UAEHAAVCSave@@@Z 10006c59 f   hl_baseentity.obj
 0001:00005c5f       ?Restore@CBaseEntity@@UAEHAAVCRestore@@@Z 10006c5f f   hl_baseentity.obj
 0001:00005c65       ?SetObjectCollisionBox@CBaseEntity@@UAEXXZ 10006c65 f   hl_baseentity.obj
 0001:00005c66       ?Intersects@CBaseEntity@@QAEHPAV1@@Z 10006c66 f   hl_baseentity.obj
 0001:00005c6b       ?MakeDormant@CBaseEntity@@QAEXXZ 10006c6b f   hl_baseentity.obj
 0001:00005c6c       ?IsDormant@CBaseEntity@@QAEHXZ 10006c6c f   hl_baseentity.obj
 0001:00005c6f       ?IsInWorld@CBaseEntity@@UAEHXZ 10006c6f f   hl_baseentity.obj
 0001:00005c73       ?ShouldToggle@CBaseEntity@@QAEHW4USE_TYPE@@H@Z 10006c73 f   hl_baseentity.obj
 0001:00005c78       ?DamageDecal@CBaseEntity@@UAEHH@Z 10006c78 f   hl_baseentity.obj
 0001:00005c7e       ?Create@CBaseEntity@@SAPAV1@PADABVVector@@1PAUedict_s@@@Z 10006c7e f   hl_baseentity.obj
 0001:00005c81       ?SUB_Remove@CBaseEntity@@QAEXXZ 10006c81 f   hl_baseentity.obj
 0001:00005c82       ?KeyValue@CBaseDelay@@UAEXPAUKeyValueData_s@@@Z 10006c82 f   hl_baseentity.obj
 0001:00005c85       ?Restore@CBaseDelay@@UAEHAAVCRestore@@@Z 10006c85 f   hl_baseentity.obj
 0001:00005c8b       ?Save@CBaseDelay@@UAEHAAVCSave@@@Z 10006c8b f   hl_baseentity.obj
 0001:00005c91       ?Restore@CBaseAnimating@@UAEHAAVCRestore@@@Z 10006c91 f   hl_baseentity.obj
 0001:00005c97       ?Save@CBaseAnimating@@UAEHAAVCSave@@@Z 10006c97 f   hl_baseentity.obj
 0001:00005c9d       ?DBG_EntOfVars@@YAPAUedict_s@@PBUentvars_s@@@Z 10006c9d f   hl_baseentity.obj
 0001:00005ca0       ?DBG_AssertFunction@@YAXHPBD0H0@Z 10006ca0 f   hl_baseentity.obj
 0001:00005ca1       ?UTIL_PrecacheOther@@YAXPBD@Z 10006ca1 f   hl_baseentity.obj
 0001:00005ca2       ?UTIL_BloodDrips@@YAXABVVector@@0HH@Z 10006ca2 f   hl_baseentity.obj
 0001:00005ca3       ?UTIL_DecalTrace@@YAXPAUTraceResult@@H@Z 10006ca3 f   hl_baseentity.obj
 0001:00005ca4       ?UTIL_GunshotDecalTrace@@YAXPAUTraceResult@@H@Z 10006ca4 f   hl_baseentity.obj
 0001:00005ca5       ?UTIL_MakeVectors@@YAXABVVector@@@Z 10006ca5 f   hl_baseentity.obj
 0001:00005ca6       ?UTIL_IsValidEntity@@YAHPAUedict_s@@@Z 10006ca6 f   hl_baseentity.obj
 0001:00005caa       ?UTIL_SetOrigin@@YAXPAUentvars_s@@ABVVector@@@Z 10006caa f   hl_baseentity.obj
 0001:00005cab       ?UTIL_GetNextBestWeapon@@YAHPAVCBasePlayer@@PAVCBasePlayerItem@@@Z 10006cab f   hl_baseentity.obj
 0001:00005caf       ?UTIL_LogPrintf@@YAXPADZZ  10006caf f   hl_baseentity.obj
 0001:00005cb0       ?UTIL_ClientPrintAll@@YAXHPBD0000@Z 10006cb0 f   hl_baseentity.obj
 0001:00005cb1       ?ClientPrint@@YAXPAUentvars_s@@HPBD1111@Z 10006cb1 f   hl_baseentity.obj
 0001:00005cb2       ?Restore@CBaseToggle@@UAEHAAVCRestore@@@Z 10006cb2 f   hl_baseentity.obj
 0001:00005cb8       ?Save@CBaseToggle@@UAEHAAVCSave@@@Z 10006cb8 f   hl_baseentity.obj
 0001:00005cbe       ?KeyValue@CBaseToggle@@UAEXPAUKeyValueData_s@@@Z 10006cbe f   hl_baseentity.obj
 0001:00005cc1       ?BounceSound@CGrenade@@UAEXXZ 10006cc1 f   hl_baseentity.obj
 0001:00005cc2       ?Explode@CGrenade@@QAEXVVector@@0@Z 10006cc2 f   hl_baseentity.obj
 0001:00005cc5       ?Explode@CGrenade@@QAEXPAUTraceResult@@H@Z 10006cc5 f   hl_baseentity.obj
 0001:00005cc8       ?Killed@CGrenade@@UAEXPAUentvars_s@@H@Z 10006cc8 f   hl_baseentity.obj
 0001:00005ccb       ?Spawn@CGrenade@@UAEXXZ    10006ccb f   hl_baseentity.obj
 0001:00005ccc       ?ShootTimed@CGrenade@@SAPAV1@PAUentvars_s@@VVector@@1M@Z 10006ccc f   hl_baseentity.obj
 0001:00005ccf       ?ShootContact@CGrenade@@SAPAV1@PAUentvars_s@@VVector@@1@Z 10006ccf f   hl_baseentity.obj
 0001:00005cd2       ?DetonateUse@CGrenade@@QAEXPAVCBaseEntity@@0W4USE_TYPE@@M@Z 10006cd2 f   hl_baseentity.obj
 0001:00005cd5       ?UTIL_Remove@@YAXPAVCBaseEntity@@@Z 10006cd5 f   hl_baseentity.obj
 0001:00005cd6       ?UTIL_SetSize@@YAXPAUentvars_s@@ABVVector@@1@Z 10006cd6 f   hl_baseentity.obj
 0001:00005cd7       ?UTIL_FindEntityInSphere@@YAPAVCBaseEntity@@PAV1@ABVVector@@M@Z 10006cd7 f   hl_baseentity.obj
 0001:00005cda       ?UTIL_VecToAngles@@YA?AVVector@@ABV1@@Z 10006cda f   hl_baseentity.obj
 0001:00005cf9       ?SpriteCreate@CSprite@@SAPAV1@PBDABVVector@@H@Z 10006cf9 f   hl_baseentity.obj
 0001:00005cfc       ?PointEntInit@CBeam@@QAEXABVVector@@H@Z 10006cfc f   hl_baseentity.obj
 0001:00005cff       ?BeamCreate@CBeam@@SAPAV1@PBDH@Z 10006cff f   hl_baseentity.obj
 0001:00005d02       ?Expand@CSprite@@QAEXMM@Z  10006d02 f   hl_baseentity.obj
 0001:00005d05       ?CheckTraceHullAttack@CBaseMonster@@QAEPAVCBaseEntity@@MHH@Z 10006d05 f   hl_baseentity.obj
 0001:00005d0a       ?Eat@CBaseMonster@@QAEXM@Z 10006d0a f   hl_baseentity.obj
 0001:00005d0d       ?FShouldEat@CBaseMonster@@QAEHXZ 10006d0d f   hl_baseentity.obj
 0001:00005d11       ?BarnacleVictimBitten@CBaseMonster@@UAEXPAUentvars_s@@@Z 10006d11 f   hl_baseentity.obj
 0001:00005d14       ?BarnacleVictimReleased@CBaseMonster@@UAEXXZ 10006d14 f   hl_baseentity.obj
 0001:00005d15       ?Listen@CBaseMonster@@QAEXXZ 10006d15 f   hl_baseentity.obj
 0001:00005d16       ?FLSoundVolume@CBaseMonster@@QAEMPAVCSound@@@Z 10006d16 f   hl_baseentity.obj
 0001:00005d1f       ?FValidateHintType@CBaseMonster@@UAEHF@Z 10006d1f f   hl_baseentity.obj
 0001:00005d24       ?Look@CBaseMonster@@UAEXH@Z 10006d24 f   hl_baseentity.obj
 0001:00005d27       ?ISoundMask@CBaseMonster@@UAEHXZ 10006d27 f   hl_baseentity.obj
 0001:00005d2a       ?PBestSound@CBaseMonster@@UAEPAVCSound@@XZ 10006d2a f   hl_baseentity.obj
 0001:00005d2d       ?PBestScent@CBaseMonster@@UAEPAVCSound@@XZ 10006d2d f   hl_baseentity.obj
 0001:00005d30       ?StudioFrameAdvance@CBaseAnimating@@QAEMM@Z 10006d30 f   hl_baseentity.obj
 0001:00005d39       ?MonsterThink@CBaseMonster@@UAEXXZ 10006d39 f   hl_baseentity.obj
 0001:00005d3a       ?MonsterUse@CBaseMonster@@QAEXPAVCBaseEntity@@0W4USE_TYPE@@M@Z 10006d3a f   hl_baseentity.obj
 0001:00005d3d       ?IgnoreConditions@CBaseMonster@@UAEHXZ 10006d3d f   hl_baseentity.obj
 0001:00005d40       ?RouteClear@CBaseMonster@@QAEXXZ 10006d40 f   hl_baseentity.obj
 0001:00005d41       ?RouteNew@CBaseMonster@@QAEXXZ 10006d41 f   hl_baseentity.obj
 0001:00005d42       ?FRouteClear@CBaseMonster@@QAEHXZ 10006d42 f   hl_baseentity.obj
 0001:00005d45       ?FRefreshRoute@CBaseMonster@@QAEHXZ 10006d45 f   hl_baseentity.obj
 0001:00005d48       ?MoveToEnemy@CBaseMonster@@QAEHW4Activity@@M@Z 10006d48 f   hl_baseentity.obj
 0001:00005d4d       ?MoveToLocation@CBaseMonster@@QAEHW4Activity@@MABVVector@@@Z 10006d4d f   hl_baseentity.obj
 0001:00005d52       ?MoveToTarget@CBaseMonster@@QAEHW4Activity@@M@Z 10006d52 f   hl_baseentity.obj
 0001:00005d57       ?MoveToNode@CBaseMonster@@QAEHW4Activity@@MABVVector@@@Z 10006d57 f   hl_baseentity.obj
 0001:00005d5c       ?ShouldSimplify@@YAHH@Z    10006d5c f   hl_baseentity.obj
 0001:00005d60       ?RouteSimplify@CBaseMonster@@QAEXPAVCBaseEntity@@@Z 10006d60 f   hl_baseentity.obj
 0001:00005d63       ?FBecomeProne@CBaseMonster@@UAEHXZ 10006d63 f   hl_baseentity.obj
 0001:00005d67       ?CheckRangeAttack1@CBaseMonster@@UAEHMM@Z 10006d67 f   hl_baseentity.obj
 0001:00005d6c       ?CheckRangeAttack2@CBaseMonster@@UAEHMM@Z 10006d6c f   hl_baseentity.obj
 0001:00005d71       ?CheckMeleeAttack1@CBaseMonster@@UAEHMM@Z 10006d71 f   hl_baseentity.obj
 0001:00005d76       ?CheckMeleeAttack2@CBaseMonster@@UAEHMM@Z 10006d76 f   hl_baseentity.obj
 0001:00005d7b       ?CheckAttacks@CBaseMonster@@QAEXPAVCBaseEntity@@M@Z 10006d7b f   hl_baseentity.obj
 0001:00005d7e       ?FCanCheckAttacks@CBaseMonster@@UAEHXZ 10006d7e f   hl_baseentity.obj
 0001:00005d81       ?CheckEnemy@CBaseMonster@@UAEHPAVCBaseEntity@@@Z 10006d81 f   hl_baseentity.obj
 0001:00005d86       ?PushEnemy@CBaseMonster@@QAEXPAVCBaseEntity@@AAVVector@@@Z 10006d86 f   hl_baseentity.obj
 0001:00005d89       ?PopEnemy@CBaseMonster@@QAEHXZ 10006d89 f   hl_baseentity.obj
 0001:00005d8c       ?SetActivity@CBaseMonster@@UAEXW4Activity@@@Z 10006d8c f   hl_baseentity.obj
 0001:00005d8f       ?SetSequenceByName@CBaseMonster@@QAEXPAD@Z 10006d8f f   hl_baseentity.obj
 0001:00005d92       ?CheckLocalMove@CBaseMonster@@UAEHABVVector@@0PAVCBaseEntity@@PAM@Z 10006d92 f   hl_baseentity.obj
 0001:00005d97       ?OpenDoorAndWait@CBaseMonster@@QAEMPAUentvars_s@@@Z 10006d97 f   hl_baseentity.obj
 0001:00005da0       ?AdvanceRoute@CBaseMonster@@QAEXM@Z 10006da0 f   hl_baseentity.obj
 0001:00005da3       ?RouteClassify@CBaseMonster@@QAEHH@Z 10006da3 f   hl_baseentity.obj
 0001:00005da8       ?BuildRoute@CBaseMonster@@QAEHABVVector@@HPAVCBaseEntity@@@Z 10006da8 f   hl_baseentity.obj
 0001:00005dad       ?InsertWaypoint@CBaseMonster@@QAEXVVector@@H@Z 10006dad f   hl_baseentity.obj
 0001:00005db0       ?FTriangulate@CBaseMonster@@UAEHABVVector@@0MPAVCBaseEntity@@PAV2@@Z 10006db0 f   hl_baseentity.obj
 0001:00005db5       ?Move@CBaseMonster@@UAEXM@Z 10006db5 f   hl_baseentity.obj
 0001:00005db8       ?ShouldAdvanceRoute@CBaseMonster@@UAEHM@Z 10006db8 f   hl_baseentity.obj
 0001:00005dbd       ?MoveExecute@CBaseMonster@@UAEXPAVCBaseEntity@@ABVVector@@M@Z 10006dbd f   hl_baseentity.obj
 0001:00005dc0       ?MonsterInit@CBaseMonster@@UAEXXZ 10006dc0 f   hl_baseentity.obj
 0001:00005dc1       ?MonsterInitThink@CBaseMonster@@QAEXXZ 10006dc1 f   hl_baseentity.obj
 0001:00005dc2       ?StartMonster@CBaseMonster@@UAEXXZ 10006dc2 f   hl_baseentity.obj
 0001:00005dc3       ?MovementComplete@CBaseMonster@@QAEXXZ 10006dc3 f   hl_baseentity.obj
 0001:00005dc4       ?TaskIsRunning@CBaseMonster@@QAEHXZ 10006dc4 f   hl_baseentity.obj
 0001:00005dc7       ?IRelationship@CBaseMonster@@UAEHPAVCBaseEntity@@@Z 10006dc7 f   hl_baseentity.obj
 0001:00005dcc       ?FindCover@CBaseMonster@@UAEHVVector@@0MM@Z 10006dcc f   hl_baseentity.obj
 0001:00005dd1       ?BuildNearestRoute@CBaseMonster@@UAEHVVector@@0MM@Z 10006dd1 f   hl_baseentity.obj
 0001:00005dd6       ?BestVisibleEnemy@CBaseMonster@@UAEPAVCBaseEntity@@XZ 10006dd6 f   hl_baseentity.obj
 0001:00005dd9       ?FInViewCone@CBaseMonster@@UAEHPAVCBaseEntity@@@Z 10006dd9 f   hl_baseentity.obj
 0001:00005dde       ?FInViewCone@CBaseMonster@@UAEHPAVVector@@@Z 10006dde f   hl_baseentity.obj
 0001:00005de3       ?FVisible@CBaseEntity@@UAEHPAV1@@Z 10006de3 f   hl_baseentity.obj
 0001:00005de8       ?FVisible@CBaseEntity@@UAEHABVVector@@@Z 10006de8 f   hl_baseentity.obj
 0001:00005ded       ?MakeIdealYaw@CBaseMonster@@QAEXVVector@@@Z 10006ded f   hl_baseentity.obj
 0001:00005df0       ?FlYawDiff@CBaseMonster@@QAEMXZ 10006df0 f   hl_baseentity.obj
 0001:00005df7       ?ChangeYaw@CBaseMonster@@UAEMH@Z 10006df7 f   hl_baseentity.obj
 0001:00005e00       ?VecToYaw@CBaseMonster@@QAEMVVector@@@Z 10006e00 f   hl_baseentity.obj
 0001:00005e09       ?LookupActivity@CBaseAnimating@@QAEHH@Z 10006e09 f   hl_baseentity.obj
 0001:00005e0e       ?LookupActivityHeaviest@CBaseAnimating@@QAEHH@Z 10006e0e f   hl_baseentity.obj
 0001:00005e13       ?SetEyePosition@CBaseMonster@@QAEXXZ 10006e13 f   hl_baseentity.obj
 0001:00005e14       ?LookupSequence@CBaseAnimating@@QAEHPBD@Z 10006e14 f   hl_baseentity.obj
 0001:00005e19       ?ResetSequenceInfo@CBaseAnimating@@QAEXXZ 10006e19 f   hl_baseentity.obj
 0001:00005e1a       ?GetSequenceFlags@CBaseAnimating@@QAEHXZ 10006e1a f   hl_baseentity.obj
 0001:00005e1d       ?DispatchAnimEvents@CBaseAnimating@@QAEXM@Z 10006e1d f   hl_baseentity.obj
 0001:00005e20       ?HandleAnimEvent@CBaseMonster@@UAEXPAUMonsterEvent_t@@@Z 10006e20 f   hl_baseentity.obj
 0001:00005e23       ?SetBoneController@CBaseAnimating@@QAEMHM@Z 10006e23 f   hl_baseentity.obj
 0001:00005e2c       ?InitBoneControllers@CBaseAnimating@@QAEXXZ 10006e2c f   hl_baseentity.obj
 0001:00005e2d       ?SetBlending@CBaseAnimating@@QAEMHM@Z 10006e2d f   hl_baseentity.obj
 0001:00005e36       ?GetBonePosition@CBaseAnimating@@QAEXHAAVVector@@0@Z 10006e36 f   hl_baseentity.obj
 0001:00005e39       ?GetAttachment@CBaseAnimating@@QAEXHAAVVector@@0@Z 10006e39 f   hl_baseentity.obj
 0001:00005e3c       ?FindTransition@CBaseAnimating@@QAEHHHPAH@Z 10006e3c f   hl_baseentity.obj
 0001:00005e42       ?GetAutomovement@CBaseAnimating@@QAEXAAVVector@@0M@Z 10006e42 f   hl_baseentity.obj
 0001:00005e45       ?SetBodygroup@CBaseAnimating@@QAEXHH@Z 10006e45 f   hl_baseentity.obj
 0001:00005e48       ?GetBodygroup@CBaseAnimating@@QAEHH@Z 10006e48 f   hl_baseentity.obj
 0001:00005e4d       ?GetGunPosition@CBaseMonster@@UAE?AVVector@@XZ 10006e4d f   hl_baseentity.obj
 0001:00005e6e       ?TraceAttack@CBaseEntity@@UAEXPAUentvars_s@@MVVector@@PAUTraceResult@@H@Z 10006e6e f   hl_baseentity.obj
 0001:00005e71       ?FireBullets@CBaseEntity@@QAEXKVVector@@00MHHHPAUentvars_s@@@Z 10006e71 f   hl_baseentity.obj
 0001:00005e74       ?TraceBleed@CBaseEntity@@UAEXMVVector@@PAUTraceResult@@H@Z 10006e74 f   hl_baseentity.obj
 0001:00005e77       ?MakeDamageBloodDecal@CBaseMonster@@QAEXHMPAUTraceResult@@ABVVector@@@Z 10006e77 f   hl_baseentity.obj
 0001:00005e7a       ?FGetNodeRoute@CBaseMonster@@QAEHVVector@@@Z 10006e7a f   hl_baseentity.obj
 0001:00005e80       ?FindHintNode@CBaseMonster@@QAEHXZ 10006e80 f   hl_baseentity.obj
 0001:00005e84       ?ReportAIState@CBaseMonster@@UAEXXZ 10006e84 f   hl_baseentity.obj
 0001:00005e85       ?KeyValue@CBaseMonster@@UAEXPAUKeyValueData_s@@@Z 10006e85 f   hl_baseentity.obj
 0001:00005e88       ?FCheckAITrigger@CBaseMonster@@QAEHXZ 10006e88 f   hl_baseentity.obj
 0001:00005e8b       ?CanPlaySequence@CBaseMonster@@UAEHHH@Z 10006e8b f   hl_baseentity.obj
 0001:00005e90       ?FindLateralCover@CBaseMonster@@QAEHABVVector@@0@Z 10006e90 f   hl_baseentity.obj
 0001:00005e95       ?ShootAtEnemy@CBaseMonster@@QAE?AVVector@@ABV2@@Z 10006e95 f   hl_baseentity.obj
 0001:00005eb6       ?FacingIdeal@CBaseMonster@@QAEHXZ 10006eb6 f   hl_baseentity.obj
 0001:00005eb9       ?FCanActiveIdle@CBaseMonster@@UAEHXZ 10006eb9 f   hl_baseentity.obj
 0001:00005ebc       ?PlaySentence@CBaseMonster@@UAEXPBDMMM@Z 10006ebc f   hl_baseentity.obj
 0001:00005ebf       ?PlayScriptedSentence@CBaseMonster@@UAEXPBDMMMHPAVCBaseEntity@@@Z 10006ebf f   hl_baseentity.obj
 0001:00005ec2       ?SentenceStop@CBaseMonster@@UAEXXZ 10006ec2 f   hl_baseentity.obj
 0001:00005ec3       ?CorpseFallThink@CBaseMonster@@QAEXXZ 10006ec3 f   hl_baseentity.obj
 0001:00005ec4       ?MonsterInitDead@CBaseMonster@@UAEXXZ 10006ec4 f   hl_baseentity.obj
 0001:00005ec5       ?BBoxFlat@CBaseMonster@@QAEHXZ 10006ec5 f   hl_baseentity.obj
 0001:00005ec9       ?GetEnemy@CBaseMonster@@QAEHXZ 10006ec9 f   hl_baseentity.obj
 0001:00005ecc       ?TraceAttack@CBaseMonster@@UAEXPAUentvars_s@@MVVector@@PAUTraceResult@@H@Z 10006ecc f   hl_baseentity.obj
 0001:00005ecf       ?DropItem@CBaseMonster@@QAEPAVCBaseEntity@@PADABVVector@@1@Z 10006ecf f   hl_baseentity.obj
 0001:00005ed4       ?ShouldFadeOnDeath@CBaseMonster@@UAEHXZ 10006ed4 f   hl_baseentity.obj
 0001:00005ed7       ?RadiusDamage@CBaseMonster@@QAEXPAUentvars_s@@0MHH@Z 10006ed7 f   hl_baseentity.obj
 0001:00005eda       ?RadiusDamage@CBaseMonster@@QAEXVVector@@PAUentvars_s@@1MHH@Z 10006eda f   hl_baseentity.obj
 0001:00005edd       ?FadeMonster@CBaseMonster@@UAEXXZ 10006edd f   hl_baseentity.obj
 0001:00005ede       ?GibMonster@CBaseMonster@@UAEXXZ 10006ede f   hl_baseentity.obj
 0001:00005edf       ?HasHumanGibs@CBaseMonster@@UAEHXZ 10006edf f   hl_baseentity.obj
 0001:00005ee2       ?HasAlienGibs@CBaseMonster@@UAEHXZ 10006ee2 f   hl_baseentity.obj
 0001:00005ee5       ?GetDeathActivity@CBaseMonster@@UAE?AW4Activity@@XZ 10006ee5 f   hl_baseentity.obj
 0001:00005ee9       ?GetIdealState@CBaseMonster@@UAE?AW4MONSTERSTATE@@XZ 10006ee9 f   hl_baseentity.obj
 0001:00005eed       ?GetScheduleOfType@CBaseMonster@@UAEPAUSchedule_t@@H@Z 10006eed f   hl_baseentity.obj
 0001:00005ef2       ?GetSchedule@CBaseMonster@@UAEPAUSchedule_t@@XZ 10006ef2 f   hl_baseentity.obj
 0001:00005ef5       ?RunTask@CBaseMonster@@UAEXPAUTask_t@@@Z 10006ef5 f   hl_baseentity.obj
 0001:00005ef8       ?StartTask@CBaseMonster@@UAEXPAUTask_t@@@Z 10006ef8 f   hl_baseentity.obj
 0001:00005efb       ?ScheduleFromName@CBaseMonster@@UAEPAUSchedule_t@@PBD@Z 10006efb f   hl_baseentity.obj
 0001:00005f00       ?BecomeDead@CBaseMonster@@UAEXXZ 10006f00 f   hl_baseentity.obj
 0001:00005f01       ?RunAI@CBaseMonster@@UAEXXZ 10006f01 f   hl_baseentity.obj
 0001:00005f02       ?Killed@CBaseMonster@@UAEXPAUentvars_s@@H@Z 10006f02 f   hl_baseentity.obj
 0001:00005f05       ?TakeHealth@CBaseMonster@@UAEHMH@Z 10006f05 f   hl_baseentity.obj
 0001:00005f0a       ?TakeDamage@CBaseMonster@@UAEHPAUentvars_s@@0MH@Z 10006f0a f   hl_baseentity.obj
 0001:00005f0f       ?Restore@CBaseMonster@@UAEHAAVCRestore@@@Z 10006f0f f   hl_baseentity.obj
 0001:00005f15       ?Save@CBaseMonster@@UAEHAAVCSave@@@Z 10006f15 f   hl_baseentity.obj
 0001:00005f1b       ?TrainSpeed@@YAHHH@Z       10006f1b f   hl_baseentity.obj
 0001:00005f1e       ?DeathSound@CBasePlayer@@UAEXXZ 10006f1e f   hl_baseentity.obj
 0001:00005f1f       ?TakeHealth@CBasePlayer@@UAEHMH@Z 10006f1f f   hl_baseentity.obj
 0001:00005f24       ?TraceAttack@CBasePlayer@@UAEXPAUentvars_s@@MVVector@@PAUTraceResult@@H@Z 10006f24 f   hl_baseentity.obj
 0001:00005f27       ?TakeDamage@CBasePlayer@@UAEHPAUentvars_s@@0MH@Z 10006f27 f   hl_baseentity.obj
 0001:00005f2c       ?PackDeadPlayerItems@CBasePlayer@@QAEXXZ 10006f2c f   hl_baseentity.obj
 0001:00005f2d       ?RemoveAllItems@CBasePlayer@@QAEXH@Z 10006f2d f   hl_baseentity.obj
 0001:00005f30       ?SetAnimation@CBasePlayer@@QAEXW4PLAYER_ANIM@@@Z 10006f30 f   hl_baseentity.obj
 0001:00005f33       ?WaterMove@CBasePlayer@@QAEXXZ 10006f33 f   hl_baseentity.obj
 0001:00005f34       ?IsOnLadder@CBasePlayer@@QAEHXZ 10006f34 f   hl_baseentity.obj
 0001:00005f37       ?PlayerDeathThink@CBasePlayer@@QAEXXZ 10006f37 f   hl_baseentity.obj
 0001:00005f38       ?StartDeathCam@CBasePlayer@@QAEXXZ 10006f38 f   hl_baseentity.obj
 0001:00005f39       ?StartObserver@CBasePlayer@@QAEXVVector@@0@Z 10006f39 f   hl_baseentity.obj
 0001:00005f3c       ?PlayerUse@CBasePlayer@@QAEXXZ 10006f3c f   hl_baseentity.obj
 0001:00005f3d       ?Jump@CBasePlayer@@UAEXXZ  10006f3d f   hl_baseentity.obj
 0001:00005f3e       ?Duck@CBasePlayer@@UAEXXZ  10006f3e f   hl_baseentity.obj
 0001:00005f3f       ?Classify@CBasePlayer@@UAEHXZ 10006f3f f   hl_baseentity.obj
 0001:00005f42       ?PreThink@CBasePlayer@@UAEXXZ 10006f42 f   hl_baseentity.obj
 0001:00005f43       ?CheckTimeBasedDamage@CBasePlayer@@QAEXXZ 10006f43 f   hl_baseentity.obj
 0001:00005f44       ?UpdateGeigerCounter@CBasePlayer@@QAEXXZ 10006f44 f   hl_baseentity.obj
 0001:00005f45       ?CheckSuitUpdate@CBasePlayer@@QAEXXZ 10006f45 f   hl_baseentity.obj
 0001:00005f46       ?SetSuitUpdate@CBasePlayer@@QAEXPADHH@Z 10006f46 f   hl_baseentity.obj
 0001:00005f49       ?UpdatePlayerSound@CBasePlayer@@QAEXXZ 10006f49 f   hl_baseentity.obj
 0001:00005f4a       ?PostThink@CBasePlayer@@UAEXXZ 10006f4a f   hl_baseentity.obj
 0001:00005f4b       ?Precache@CBasePlayer@@UAEXXZ 10006f4b f   hl_baseentity.obj
 0001:00005f4c       ?Save@CBasePlayer@@UAEHAAVCSave@@@Z 10006f4c f   hl_baseentity.obj
 0001:00005f51       ?RenewItems@CBasePlayer@@QAEXXZ 10006f51 f   hl_baseentity.obj
 0001:00005f52       ?Restore@CBasePlayer@@UAEHAAVCRestore@@@Z 10006f52 f   hl_baseentity.obj
 0001:00005f57       ?SelectNextItem@CBasePlayer@@QAEXH@Z 10006f57 f   hl_baseentity.obj
 0001:00005f5a       ?HasWeapons@CBasePlayer@@QAEHXZ 10006f5a f   hl_baseentity.obj
 0001:00005f5d       ?SelectPrevItem@CBasePlayer@@QAEXH@Z 10006f5d f   hl_baseentity.obj
 0001:00005f60       ?FindEntityForward@@YAPAVCBaseEntity@@PAV1@@Z 10006f60 f   hl_baseentity.obj
 0001:00005f63       ?FlashlightIsOn@CBasePlayer@@QAEHXZ 10006f63 f   hl_baseentity.obj
 0001:00005f66       ?FlashlightTurnOn@CBasePlayer@@QAEXXZ 10006f66 f   hl_baseentity.obj
 0001:00005f67       ?FlashlightTurnOff@CBasePlayer@@QAEXXZ 10006f67 f   hl_baseentity.obj
 0001:00005f68       ?ForceClientDllUpdate@CBasePlayer@@QAEXXZ 10006f68 f   hl_baseentity.obj
 0001:00005f69       ?ImpulseCommands@CBasePlayer@@UAEXXZ 10006f69 f   hl_baseentity.obj
 0001:00005f6a       ?CheatImpulseCommands@CBasePlayer@@QAEXH@Z 10006f6a f   hl_baseentity.obj
 0001:00005f6d       ?AddPlayerItem@CBasePlayer@@UAEHPAVCBasePlayerItem@@@Z 10006f6d f   hl_baseentity.obj
 0001:00005f72       ?RemovePlayerItem@CBasePlayer@@UAEHPAVCBasePlayerItem@@@Z 10006f72 f   hl_baseentity.obj
 0001:00005f77       ?ItemPreFrame@CBasePlayer@@QAEXXZ 10006f77 f   hl_baseentity.obj
 0001:00005f78       ?ItemPostFrame@CBasePlayer@@QAEXXZ 10006f78 f   hl_baseentity.obj
 0001:00005f79       ?AmmoInventory@CBasePlayer@@QAEHH@Z 10006f79 f   hl_baseentity.obj
 0001:00005f7f       ?GetAmmoIndex@CBasePlayer@@SAHPBD@Z 10006f7f f   hl_baseentity.obj
 0001:00005f83       ?SendAmmoUpdate@CBasePlayer@@QAEXXZ 10006f83 f   hl_baseentity.obj
 0001:00005f84       ?UpdateClientData@CBasePlayer@@UAEXXZ 10006f84 f   hl_baseentity.obj
 0001:00005f85       ?FBecomeProne@CBasePlayer@@UAEHXZ 10006f85 f   hl_baseentity.obj
 0001:00005f89       ?BarnacleVictimBitten@CBasePlayer@@UAEXPAUentvars_s@@@Z 10006f89 f   hl_baseentity.obj
 0001:00005f8c       ?BarnacleVictimReleased@CBasePlayer@@UAEXXZ 10006f8c f   hl_baseentity.obj
 0001:00005f8d       ?Illumination@CBasePlayer@@UAEHXZ 10006f8d f   hl_baseentity.obj
 0001:00005f90       ?EnableControl@CBasePlayer@@QAEXH@Z 10006f90 f   hl_baseentity.obj
 0001:00005f93       ?GetAutoaimVector@CBasePlayer@@QAE?AVVector@@M@Z 10006f93 f   hl_baseentity.obj
 0001:00005fb4       ?AutoaimDeflection@CBasePlayer@@QAE?AVVector@@AAV2@MM@Z 10006fb4 f   hl_baseentity.obj
 0001:00005fd5       ?ResetAutoaim@CBasePlayer@@QAEXXZ 10006fd5 f   hl_baseentity.obj
 0001:00005fd6       ?SetCustomDecalFrames@CBasePlayer@@QAEXH@Z 10006fd6 f   hl_baseentity.obj
 0001:00005fd9       ?GetCustomDecalFrames@CBasePlayer@@QAEHXZ 10006fd9 f   hl_baseentity.obj
 0001:00005fdd       ?DropPlayerItem@CBasePlayer@@QAEXPAD@Z 10006fdd f   hl_baseentity.obj
 0001:00005fe0       ?HasPlayerItem@CBasePlayer@@QAEHPAVCBasePlayerItem@@@Z 10006fe0 f   hl_baseentity.obj
 0001:00005fe5       ?SwitchWeapon@CBasePlayer@@QAEHPAVCBasePlayerItem@@@Z 10006fe5 f   hl_baseentity.obj
 0001:00005fea       ?GetGunPosition@CBasePlayer@@UAE?AVVector@@XZ 10006fea f   hl_baseentity.obj
 0001:0000600b       ?TeamID@CBasePlayer@@UAEPBDXZ 1000700b f   hl_baseentity.obj
 0001:00006011       ?GiveAmmo@CBasePlayer@@UAEHHPADH@Z 10007011 f   hl_baseentity.obj
 0001:00006016       ?AddPoints@CBasePlayer@@UAEXHH@Z 10007016 f   hl_baseentity.obj
 0001:00006019       ?AddPointsToTeam@CBasePlayer@@UAEXHH@Z 10007019 f   hl_baseentity.obj
 0001:0000601c       ?ClearMultiDamage@@YAXXZ   1000701c f   hl_baseentity.obj
 0001:0000601d       ?ApplyMultiDamage@@YAXPAUentvars_s@@0@Z 1000701d f   hl_baseentity.obj
 0001:0000601e       ?AddMultiDamage@@YAXPAUentvars_s@@PAVCBaseEntity@@MH@Z 1000701e f   hl_baseentity.obj
 0001:0000601f       ?SpawnBlood@@YAXVVector@@HM@Z 1000701f f   hl_baseentity.obj
 0001:00006020       ?DamageDecal@@YAHPAVCBaseEntity@@H@Z 10007020 f   hl_baseentity.obj
 0001:00006023       ?DecalGunshot@@YAXPAUTraceResult@@H@Z 10007023 f   hl_baseentity.obj
 0001:00006024       ?SUB_CallUseToggle@CBaseEntity@@QAEXXZ 10007024 f i hl_baseentity.obj
 0001:00006037       ?EjectBrass@@YAXABVVector@@0MHH@Z 10007037 f   hl_baseentity.obj
 0001:00006038       ?AddAmmoNameToAmmoRegistry@@YAXPBD@Z 10007038 f   hl_baseentity.obj
 0001:00006039       ?Restore@CBasePlayerItem@@UAEHAAVCRestore@@@Z 10007039 f   hl_baseentity.obj
 0001:0000603f       ?Save@CBasePlayerItem@@UAEHAAVCSave@@@Z 1000703f f   hl_baseentity.obj
 0001:00006045       ?Restore@CBasePlayerWeapon@@UAEHAAVCRestore@@@Z 10007045 f   hl_baseentity.obj
 0001:0000604b       ?Save@CBasePlayerWeapon@@UAEHAAVCSave@@@Z 1000704b f   hl_baseentity.obj
 0001:00006051       ?SetObjectCollisionBox@CBasePlayerItem@@UAEXXZ 10007051 f   hl_baseentity.obj
 0001:00006052       ?FallInit@CBasePlayerItem@@QAEXXZ 10007052 f   hl_baseentity.obj
 0001:00006053       ?FallThink@CBasePlayerItem@@QAEXXZ 10007053 f   hl_baseentity.obj
 0001:00006054       ?Materialize@CBasePlayerItem@@QAEXXZ 10007054 f   hl_baseentity.obj
 0001:00006055       ?AttemptToMaterialize@CBasePlayerItem@@QAEXXZ 10007055 f   hl_baseentity.obj
 0001:00006056       ?CheckRespawn@CBasePlayerItem@@QAEXXZ 10007056 f   hl_baseentity.obj
 0001:00006057       ?Respawn@CBasePlayerItem@@UAEPAVCBaseEntity@@XZ 10007057 f   hl_baseentity.obj
 0001:0000605a       ?DefaultTouch@CBasePlayerItem@@QAEXPAVCBaseEntity@@@Z 1000705a f   hl_baseentity.obj
 0001:0000605d       ?DestroyItem@CBasePlayerItem@@QAEXXZ 1000705d f   hl_baseentity.obj
 0001:0000605e       ?AddToPlayer@CBasePlayerItem@@UAEHPAVCBasePlayer@@@Z 1000705e f   hl_baseentity.obj
 0001:00006064       ?Drop@CBasePlayerItem@@UAEXXZ 10007064 f   hl_baseentity.obj
 0001:00006065       ?Kill@CBasePlayerItem@@UAEXXZ 10007065 f   hl_baseentity.obj
 0001:00006066       ?Holster@CBasePlayerItem@@UAEXH@Z 10007066 f   hl_baseentity.obj
 0001:00006069       ?AttachToPlayer@CBasePlayerItem@@UAEXPAVCBasePlayer@@@Z 10007069 f   hl_baseentity.obj
 0001:0000606c       ?AddDuplicate@CBasePlayerWeapon@@UAEHPAVCBasePlayerItem@@@Z 1000706c f   hl_baseentity.obj
 0001:00006071       ?AddToPlayer@CBasePlayerWeapon@@UAEHPAVCBasePlayer@@@Z 10007071 f   hl_baseentity.obj
 0001:00006076       ?UpdateClientData@CBasePlayerWeapon@@UAEHPAVCBasePlayer@@@Z 10007076 f   hl_baseentity.obj
 0001:0000607b       ?AddPrimaryAmmo@CBasePlayerWeapon@@QAEHHPADHH@Z 1000707b f   hl_baseentity.obj
 0001:00006081       ?AddSecondaryAmmo@CBasePlayerWeapon@@QAEHHPADH@Z 10007081 f   hl_baseentity.obj
 0001:00006087       ?IsUseable@CBasePlayerWeapon@@UAEHXZ 10007087 f   hl_baseentity.obj
 0001:0000608b       ?PrimaryAmmoIndex@CBasePlayerWeapon@@UAEHXZ 1000708b f   hl_baseentity.obj
 0001:0000608f       ?SecondaryAmmoIndex@CBasePlayerWeapon@@UAEHXZ 1000708f f   hl_baseentity.obj
 0001:00006093       ?Spawn@CBasePlayerAmmo@@UAEXXZ 10007093 f   hl_baseentity.obj
 0001:00006094       ?Respawn@CBasePlayerAmmo@@UAEPAVCBaseEntity@@XZ 10007094 f   hl_baseentity.obj
 0001:00006097       ?Materialize@CBasePlayerAmmo@@QAEXXZ 10007097 f   hl_baseentity.obj
 0001:00006098       ?DefaultTouch@CBasePlayerAmmo@@QAEXPAVCBaseEntity@@@Z 10007098 f   hl_baseentity.obj
 0001:0000609b       ?ExtractAmmo@CBasePlayerWeapon@@UAEHPAV1@@Z 1000709b f   hl_baseentity.obj
 0001:000060a0       ?ExtractClipAmmo@CBasePlayerWeapon@@UAEHPAV1@@Z 100070a0 f   hl_baseentity.obj
 0001:000060a5       ?RetireWeapon@CBasePlayerWeapon@@UAEXXZ 100070a5 f   hl_baseentity.obj
 0001:000060a6       ?InsertSound@CSoundEnt@@SAXHABVVector@@HM@Z 100070a6 f   hl_baseentity.obj
 0001:000060a7       ?CallMonsterThink@CBaseMonster@@QAEXXZ 100070a7 f i hl_baseentity.obj
 0001:000060af       ?RadiusDamage@@YAXVVector@@PAUentvars_s@@1MMHH@Z 100070af f   hl_baseentity.obj
 0001:000060b0       ?Game_HookEvents@@YAXXZ    100070b0 f   hl_events.obj
 0001:000061ea       ?UpdateBeams@@YAXXZ        100071ea f   hl_objects.obj
 0001:000062c0       ?Game_AddObjects@@YAXXZ    100072c0 f   hl_objects.obj
 0001:000062fa       ??0entvars_s@@QAE@XZ       100072fa f i hl_weapons.obj
 0001:0000630c       ??0CBasePlayer@@QAE@XZ     1000730c f i hl_weapons.obj
 0001:0000631e       ??0CBaseMonster@@QAE@XZ    1000731e f i hl_weapons.obj
 0001:00006333       ?AlertMessage@@YAXW4ALERT_TYPE@@PADZZ 10007333 f   hl_weapons.obj
 0001:00006360       ?bIsMultiplayer@@YA_NXZ    10007360 f   hl_weapons.obj
 0001:0000636e       ?LoadVModel@@YAXPADPAVCBasePlayer@@@Z 1000736e f   hl_weapons.obj
 0001:00006388       ?HUD_PrepEntity@@YAXPAVCBaseEntity@@PAVCBasePlayer@@@Z 10007388 f   hl_weapons.obj
 0001:000063fc       ?Killed@CBaseEntity@@UAEXPAUentvars_s@@H@Z 100073fc f   hl_weapons.obj
 0001:00006409       ?DefaultReload@CBasePlayerWeapon@@QAEHHHM@Z 10007409 f   hl_weapons.obj
 0001:0000647e       ?CanDeploy@CBasePlayerWeapon@@UAEHXZ 1000747e f   hl_weapons.obj
 0001:000064df       ?DefaultDeploy@CBasePlayerWeapon@@QAEHPAD0H0H@Z 100074df f   hl_weapons.obj
 0001:00006534       ?PlayEmptySound@CBasePlayerWeapon@@UAEHXZ 10007534 f   hl_weapons.obj
 0001:0000655b       ?ResetEmptySound@CBasePlayerWeapon@@UAEXXZ 1000755b f   hl_weapons.obj
 0001:00006563       ?Holster@CBasePlayerWeapon@@UAEXH@Z 10007563 f   hl_weapons.obj
 0001:0000657a       ?SendWeaponAnim@CBasePlayerWeapon@@UAEXHHH@Z 1000757a f   hl_weapons.obj
 0001:0000659c       ?FireBulletsPlayer@CBaseEntity@@QAE?AVVector@@KV2@00MHHHPAUentvars_s@@H@Z 1000759c f   hl_weapons.obj
 0001:00006720       ?ItemPostFrame@CBasePlayerWeapon@@UAEXXZ 10007720 f   hl_weapons.obj
 0001:000068ba       ?SelectItem@CBasePlayer@@QAEXPBD@Z 100078ba f   hl_weapons.obj
 0001:000068bd       ?SelectLastItem@CBasePlayer@@QAEXXZ 100078bd f   hl_weapons.obj
 0001:00006915       ?Killed@CBasePlayer@@UAEXPAUentvars_s@@H@Z 10007915 f   hl_weapons.obj
 0001:0000692c       ?Spawn@CBasePlayer@@UAEXXZ 1000792c f   hl_weapons.obj
 0001:0000693f       ?UTIL_TraceLine@@YAXABVVector@@0W4IGNORE_MONSTERS@@PAUedict_s@@PAUTraceResult@@@Z 1000793f f   hl_weapons.obj
 0001:00006958       ?UTIL_ParticleBox@@YAXPAVCBasePlayer@@PAM1MEEE@Z 10007958 f   hl_weapons.obj
 0001:000069c0       ?UTIL_ParticleBoxes@@YAXXZ 100079c0 f   hl_weapons.obj
 0001:00006aa6       ?UTIL_ParticleLine@@YAXPAVCBasePlayer@@PAM1MEEE@Z 10007aa6 f   hl_weapons.obj
 0001:00006acc       ?PrintState@CBasePlayerWeapon@@QAEXXZ 10007acc f   hl_weapons.obj
 0001:00006b4c       ?HUD_InitClientWeapons@@YAXXZ 10007b4c f   hl_weapons.obj
 0001:00006bed       ?HUD_GetLastOrg@@YAXPAM@Z  10007bed f   hl_weapons.obj
 0001:00006c07       ?HUD_SetLastOrg@@YAXXZ     10007c07 f   hl_weapons.obj
 0001:00006c2b       ?HUD_WeaponsPostThink@@YAXPAUlocal_state_s@@0PAUusercmd_s@@NI@Z 10007c2b f   hl_weapons.obj
 0001:00006cc0       ?Spawn@CBaseEntity@@UAEXXZ 10007cc0 f i hl_weapons.obj
 0001:00006cc1       ?Precache@CBaseEntity@@UAEXXZ 10007cc1 f i hl_weapons.obj
 0001:00006cc2       ?ObjectCaps@CBaseEntity@@UAEHXZ 10007cc2 f i hl_weapons.obj
 0001:00006cc6       ?Activate@CBaseEntity@@UAEXXZ 10007cc6 f i hl_weapons.obj
 0001:00006cc7       ?Classify@CBaseEntity@@UAEHXZ 10007cc7 f i hl_weapons.obj
 0001:00006cca       ?DeathNotice@CBaseEntity@@UAEXPAUentvars_s@@@Z 10007cca f i hl_weapons.obj
 0001:00006ccd       ?IsTriggered@CBaseEntity@@UAEHPAV1@@Z 10007ccd f i hl_weapons.obj
 0001:00006cd3       ?MySquadMonsterPointer@CBaseEntity@@UAEPAVCSquadMonster@@XZ 10007cd3 f i hl_weapons.obj
 0001:00006cd6       ?AddPoints@CBaseEntity@@UAEXHH@Z 10007cd6 f i hl_weapons.obj
 0001:00006cd9       ?AddPointsToTeam@CBaseEntity@@UAEXHH@Z 10007cd9 f i hl_weapons.obj
 0001:00006cdc       ?AddPlayerItem@CBaseEntity@@UAEHPAVCBasePlayerItem@@@Z 10007cdc f i hl_weapons.obj
 0001:00006ce1       ?RemovePlayerItem@CBaseEntity@@UAEHPAVCBasePlayerItem@@@Z 10007ce1 f i hl_weapons.obj
 0001:00006ce6       ?GiveAmmo@CBaseEntity@@UAEHHPADH@Z 10007ce6 f i hl_weapons.obj
 0001:00006cec       ?OverrideReset@CBaseEntity@@UAEXXZ 10007cec f i hl_weapons.obj
 0001:00006ced       ?SetToggleState@CBaseEntity@@UAEXH@Z 10007ced f i hl_weapons.obj
 0001:00006cf0       ?StartSneaking@CBaseEntity@@UAEXXZ 10007cf0 f i hl_weapons.obj
 0001:00006cf1       ?StopSneaking@CBaseEntity@@UAEXXZ 10007cf1 f i hl_weapons.obj
 0001:00006cf2       ?OnControls@CBaseEntity@@UAEHPAUentvars_s@@@Z 10007cf2 f i hl_weapons.obj
 0001:00006cf7       ?IsSneaking@CBaseEntity@@UAEHXZ 10007cf7 f i hl_weapons.obj
 0001:00006cfa       ?IsBSPModel@CBaseEntity@@UAEHXZ 10007cfa f i hl_weapons.obj
 0001:00006d16       ?ReflectGauss@CBaseEntity@@UAEHXZ 10007d16 f i hl_weapons.obj
 0001:00006d42       ?HasTarget@CBaseEntity@@UAEHH@Z 10007d42 f i hl_weapons.obj
 0001:00006d6f       ?IsPlayer@CBaseEntity@@UAEHXZ 10007d6f f i hl_weapons.obj
 0001:00006d72       ?IsNetClient@CBaseEntity@@UAEHXZ 10007d72 f i hl_weapons.obj
 0001:00006d75       ?TeamID@CBaseEntity@@UAEPBDXZ 10007d75 f i hl_weapons.obj
 0001:00006d7b       ?Think@CBaseEntity@@UAEXXZ 10007d7b f i hl_weapons.obj
 0001:00006d85       ?Touch@CBaseEntity@@UAEXPAV1@@Z 10007d85 f i hl_weapons.obj
 0001:00006d95       ?Use@CBaseEntity@@UAEXPAV1@0W4USE_TYPE@@M@Z 10007d95 f i hl_weapons.obj
 0001:00006db5       ?Blocked@CBaseEntity@@UAEXPAV1@@Z 10007db5 f i hl_weapons.obj
 0001:00006dc5       ?Respawn@CBaseEntity@@UAEPAV1@XZ 10007dc5 f i hl_weapons.obj
 0001:00006dc8       ?UpdateOwner@CBaseEntity@@UAEXXZ 10007dc8 f i hl_weapons.obj
 0001:00006dc9       ?Center@CBaseEntity@@UAE?AVVector@@XZ 10007dc9 f i hl_weapons.obj
 0001:00006e26       ?EyePosition@CBaseEntity@@UAE?AVVector@@XZ 10007e26 f i hl_weapons.obj
 0001:00006e55       ?EarPosition@CBaseEntity@@UAE?AVVector@@XZ 10007e55 f i hl_weapons.obj
 0001:00006e84       ?Illumination@CBaseEntity@@UAEHXZ 10007e84 f i hl_weapons.obj
 0001:00006e95       ?GetToggleState@CBaseToggle@@UAEHXZ 10007e95 f i hl_weapons.obj
 0001:00006e99       ?GetDelay@CBaseToggle@@UAEMXZ 10007e99 f i hl_weapons.obj
 0001:00006e9d       ?BloodColor@CBaseMonster@@UAEHXZ 10007e9d f i hl_weapons.obj
 0001:00006ea4       ?MyMonsterPointer@CBaseMonster@@UAEPAV1@XZ 10007ea4 f i hl_weapons.obj
 0001:00006ea7       ?IsAlive@CBaseMonster@@UAEHXZ 10007ea7 f i hl_weapons.obj
 0001:00006eb9       ?GetStoppedActivity@CBaseMonster@@UAE?AW4Activity@@XZ 10007eb9 f i hl_weapons.obj
 0001:00006ebd       ?Stop@CBaseMonster@@UAEXXZ 10007ebd f i hl_weapons.obj
 0001:00006ed0       ?ScheduleChange@CBaseMonster@@UAEXXZ 10007ed0 f i hl_weapons.obj
 0001:00006ed1       ?CanPlaySentence@CBaseMonster@@UAEHH@Z 10007ed1 f i hl_weapons.obj
 0001:00006edc       ?SetYawSpeed@CBaseMonster@@UAEXXZ 10007edc f i hl_weapons.obj
 0001:00006edd       _HUD_PostRunCmd            10007edd f   hl_weapons.obj
 0001:00006f3c       ?FValidateCover@CBaseMonster@@UAEHABVVector@@@Z 10007f3c f i hl_weapons.obj
 0001:00006f42       ?CoverRadius@CBaseMonster@@UAEMXZ 10007f42 f i hl_weapons.obj
 0001:00006f49       ?CheckAmmo@CBaseMonster@@UAEXXZ 10007f49 f i hl_weapons.obj
 0001:00006f4a       ?HearingSensitivity@CBaseMonster@@UAEMXZ 10007f4a f i hl_weapons.obj
 0001:00006f51       ?PrescheduleThink@CBaseMonster@@UAEXXZ 10007f51 f i hl_weapons.obj
 0001:00006f52       ?BodyTarget@CBaseMonster@@UAE?AVVector@@ABV2@@Z 10007f52 f i hl_weapons.obj
 0001:00006fd1       ?IsMoving@CBaseMonster@@UAEHXZ 10007fd1 f i hl_weapons.obj
 0001:00006fdd       ?DeathSound@CBaseMonster@@UAEXXZ 10007fdd f i hl_weapons.obj
 0001:00006fde       ?AlertSound@CBaseMonster@@UAEXXZ 10007fde f i hl_weapons.obj
 0001:00006fdf       ?IdleSound@CBaseMonster@@UAEXXZ 10007fdf f i hl_weapons.obj
 0001:00006fe0       ?PainSound@CBaseMonster@@UAEXXZ 10007fe0 f i hl_weapons.obj
 0001:00006fe1       ?StopFollowing@CBaseMonster@@UAEXH@Z 10007fe1 f i hl_weapons.obj
 0001:00006fe4       ?BodyTarget@CBasePlayer@@UAE?AVVector@@ABV2@@Z 10007fe4 f i hl_weapons.obj
 0001:00007055       ?StartSneaking@CBasePlayer@@UAEXXZ 10008055 f i hl_weapons.obj
 0001:00007069       ?StopSneaking@CBasePlayer@@UAEXXZ 10008069 f i hl_weapons.obj
 0001:0000707d       ?IsSneaking@CBasePlayer@@UAEHXZ 1000807d f i hl_weapons.obj
 0001:00007096       ?IsAlive@CBasePlayer@@UAEHXZ 10008096 f i hl_weapons.obj
 0001:000070ba       ?ShouldFadeOnDeath@CBasePlayer@@UAEHXZ 100080ba f i hl_weapons.obj
 0001:000070be       ?IsPlayer@CBasePlayer@@UAEHXZ 100080be f i hl_weapons.obj
 0001:000070c2       ?IsNetClient@CBasePlayer@@UAEHXZ 100080c2 f i hl_weapons.obj
 0001:000070c6       ?ObjectCaps@CBasePlayer@@UAEHXZ 100080c6 f i hl_weapons.obj
 0001:000070c9       ??0InterfaceReg@@QAE@P6APAVIBaseInterface@@XZPBD@Z 100080c9 f   interface.obj
 0001:000070e9       _CreateInterface           100080e9 f   interface.obj
 0001:0000712c       ?Sys_LoadModule@@YAPAUHInterfaceModule_t@@PBD@Z 1000812c f   interface.obj
 0001:00007137       ?Sys_FreeModule@@YAXPAUHInterfaceModule_t@@@Z 10008137 f   interface.obj
 0001:00007149       ?Sys_GetFactoryThis@@YAP6APAVIBaseInterface@@PBDPAH@ZXZ 10008149 f   interface.obj
 0001:0000714f       ?Sys_GetFactory@@YAP6APAVIBaseInterface@@PBDPAH@ZPAUHInterfaceModule_t@@@Z 1000814f f   interface.obj
 0001:00007169       ?HashPlayerID@@YAEQBD@Z    10008169 f   voice_banmgr.obj
 0001:0000717b       ??0CVoiceBanMgr@@QAE@XZ    1000817b f   voice_banmgr.obj
 0001:00007187       ??1CVoiceBanMgr@@QAE@XZ    10008187 f   voice_banmgr.obj
 0001:0000718c       ?Init@CVoiceBanMgr@@QAE_NPBD@Z 1000818c f   voice_banmgr.obj
 0001:0000724f       ?Term@CVoiceBanMgr@@QAEXXZ 1000824f f   voice_banmgr.obj
 0001:00007285       ?SaveState@CVoiceBanMgr@@QAEXPBD@Z 10008285 f   voice_banmgr.obj
 0001:0000732b       ?GetPlayerBan@CVoiceBanMgr@@QAE_NQBD@Z 1000832b f   voice_banmgr.obj
 0001:0000733d       ?SetPlayerBan@CVoiceBanMgr@@QAEXQBD_N@Z 1000833d f   voice_banmgr.obj
 0001:00007387       ?ForEachBannedPlayer@CVoiceBanMgr@@QAEXP6AXQAD@Z@Z 10008387 f   voice_banmgr.obj
 0001:000073af       ?Clear@CVoiceBanMgr@@IAEXXZ 100083af f   voice_banmgr.obj
 0001:000073c1       ?InternalFindPlayerSquelch@CVoiceBanMgr@@IAEPAVBannedPlayer@1@QBD@Z 100083c1 f   voice_banmgr.obj
 0001:00007403       ?AddBannedPlayer@CVoiceBanMgr@@IAEPAVBannedPlayer@1@QBD@Z 10008403 f   voice_banmgr.obj
 0001:0000747b       ?GetClientVoiceMgr@@YAPAVCVoiceStatus@@XZ 1000847b f   voice_status.obj
 0001:00007481       ?__MsgFunc_VoiceMask@@YAHPBDHPAX@Z 10008481 f   voice_status.obj
 0001:0000749c       ?__MsgFunc_ReqState@@YAHPBDHPAX@Z 1000849c f   voice_status.obj
 0001:000074b7       ?ForEachBannedPlayer@@YAXQAD@Z 100084b7 f   voice_status.obj
 0001:00007551       ?ShowBannedCallback@@YAXXZ 10008551 f   voice_status.obj
 0001:00007590       ??0CVoiceStatus@@QAE@XZ    10008590 f   voice_status.obj
 0001:0000766d       ??_GCVoiceStatus@@UAEPAXI@Z 1000866d f i voice_status.obj
 0001:0000766d       ??_ECVoiceStatus@@UAEPAXI@Z 1000866d f i voice_status.obj
 0001:00007689       ??0cl_entity_s@@QAE@XZ     10008689 f i voice_status.obj
 0001:000076ae       ??0entity_state_s@@QAE@XZ  100086ae f i voice_status.obj
 0001:000076b1       ??1CVoiceStatus@@UAE@XZ    100086b1 f   voice_status.obj
 0001:0000777a       ?Init@CVoiceStatus@@UAEHPAVIVoiceStatusHelper@@PAPAVPanel@vgui@@@Z 1000877a f   voice_status.obj
 0001:0000796d       ?VidInit@CVoiceStatus@@UAEHXZ 1000896d f   voice_status.obj
 0001:00007bc2       ?Frame@CVoiceStatus@@QAEXN@Z 10008bc2 f   voice_status.obj
 0001:00007c4a       ?CreateEntities@CVoiceStatus@@QAEXXZ 10008c4a f   voice_status.obj
 0001:00007dc4       ??1CHudBase@@UAE@XZ        10008dc4 f i voice_status.obj
 0001:00007dcb       ?Init@CHudBase@@UAEHXZ     10008dcb f i voice_status.obj
 0001:00007dce       ?VidInit@CHudBase@@UAEHXZ  10008dce f i voice_status.obj
 0001:00007dd1       ?Draw@CHudBase@@UAEHM@Z    10008dd1 f i voice_status.obj
 0001:00007dd6       ?Think@CHudBase@@UAEXXZ    10008dd6 f i voice_status.obj
 0001:00007dd7       ?Reset@CHudBase@@UAEXXZ    10008dd7 f i voice_status.obj
 0001:00007dd8       ?InitHUDData@CHudBase@@UAEXXZ 10008dd8 f i voice_status.obj
 0001:00007dd9       ??_ECHudBase@@UAEPAXI@Z    10008dd9 f i voice_status.obj
 0001:00007dd9       ??_GCHudBase@@UAEPAXI@Z    10008dd9 f i voice_status.obj
 0001:00007df6       ?UpdateSpeakerStatus@CVoiceStatus@@QAEXHH@Z 10008df6 f   voice_status.obj
 0001:0000800c       ?UpdateServerState@CVoiceStatus@@AAEX_N@Z 1000900c f   voice_status.obj
 0001:0000821f       ?UpdateSpeakerImage@CVoiceStatus@@QAEXPAVLabel@vgui@@H@Z 1000921f f   voice_status.obj
 0001:00008238       ?UpdateBanButton@CVoiceStatus@@AAEXH@Z 10009238 f   voice_status.obj
 0001:0000839c       ?HandleVoiceMaskMsg@CVoiceStatus@@QAEXHPAX@Z 1000939c f   voice_status.obj
 0001:00008443       ?HandleReqStateMsg@CVoiceStatus@@QAEXHPAX@Z 10009443 f   voice_status.obj
 0001:00008476       ?StartSquelchMode@CVoiceStatus@@QAEXXZ 10009476 f   voice_status.obj
 0001:00008494       ?StopSquelchMode@CVoiceStatus@@QAEXXZ 10009494 f   voice_status.obj
 0001:000084a6       ?IsInSquelchMode@CVoiceStatus@@QAE_NXZ 100094a6 f   voice_status.obj
 0001:000084ad       ?FindVoiceLabel@CVoiceStatus@@AAEPAVCVoiceLabel@@H@Z 100094ad f   voice_status.obj
 0001:000084d9       ?GetFreeVoiceLabel@CVoiceStatus@@AAEPAVCVoiceLabel@@XZ 100094d9 f   voice_status.obj
 0001:000084e1       ?RepositionLabels@CVoiceStatus@@AAEXXZ 100094e1 f   voice_status.obj
 0001:00008723       ?FreeBitmaps@CVoiceStatus@@AAEXXZ 10009723 f   voice_status.obj
 0001:0000880f       ?IsPlayerBlocked@CVoiceStatus@@QAE_NH@Z 1000980f f   voice_status.obj
 0001:00008843       ?IsPlayerAudible@CVoiceStatus@@QAE_NH@Z 10009843 f   voice_status.obj
 0001:00008868       ??4CBitVecAccessor@@QAEXH@Z 10009868 f i voice_status.obj
 0001:000088a1       ?SetPlayerBlockedState@CVoiceStatus@@QAEXH_N@Z 100098a1 f   voice_status.obj
 0001:0000899e       ?cursorMoved@CDefaultInputSignal@vgui@@UAEXHHPAVPanel@2@@Z 1000999e f i voice_status.obj
 0001:000089a1       ?cursorEntered@CDefaultInputSignal@vgui@@UAEXPAVPanel@2@@Z 100099a1 f i voice_status.obj
 0001:000089a4       ?cursorExited@CDefaultInputSignal@vgui@@UAEXPAVPanel@2@@Z 100099a4 f i voice_status.obj
 0001:000089a7       ?mousePressed@CDefaultInputSignal@vgui@@UAEXW4MouseCode@2@PAVPanel@2@@Z 100099a7 f i voice_status.obj
 0001:000089aa       ?mouseDoublePressed@CDefaultInputSignal@vgui@@UAEXW4MouseCode@2@PAVPanel@2@@Z 100099aa f i voice_status.obj
 0001:000089ad       ?mouseReleased@CDefaultInputSignal@vgui@@UAEXW4MouseCode@2@PAVPanel@2@@Z 100099ad f i voice_status.obj
 0001:000089b0       ?mouseWheeled@CDefaultInputSignal@vgui@@UAEXHPAVPanel@2@@Z 100099b0 f i voice_status.obj
 0001:000089b3       ?keyPressed@CDefaultInputSignal@vgui@@UAEXW4KeyCode@2@PAVPanel@2@@Z 100099b3 f i voice_status.obj
 0001:000089b6       ?keyTyped@CDefaultInputSignal@vgui@@UAEXW4KeyCode@2@PAVPanel@2@@Z 100099b6 f i voice_status.obj
 0001:000089b9       ?keyReleased@CDefaultInputSignal@vgui@@UAEXW4KeyCode@2@PAVPanel@2@@Z 100099b9 f i voice_status.obj
 0001:000089bc       ?keyFocusTicked@CDefaultInputSignal@vgui@@UAEXPAVPanel@2@@Z 100099bc f i voice_status.obj
 0001:000089bf       ??0ActionSignal@vgui@@QAE@XZ 100099bf f i voice_status.obj
 0001:000089c8       ??0ActionSignal@vgui@@QAE@ABV01@@Z 100099c8 f i voice_status.obj
 0001:000089d3       ??4ActionSignal@vgui@@QAEAAV01@ABV01@@Z 100099d3 f i voice_status.obj
 0001:000089d8       ??0TextImage@vgui@@QAE@ABV01@@Z 100099d8 f i voice_status.obj
 0001:00008a1f       ??4TextImage@vgui@@QAEAAV01@ABV01@@Z 10009a1f f i voice_status.obj
 0001:00008a69       ?IsTweakDlgOpen@@YA_NXZ    10009a69 f   voice_vgui_tweakdlg.obj
 0001:00008a99       ?GetVoiceTweakDlg@@YAPAVCMenuPanel@@XZ 10009a99 f   voice_vgui_tweakdlg.obj
 0001:00008aaf       ?actionPerformed@CVoiceTweakOKButton@@UAEXPAVPanel@vgui@@@Z 10009aaf f i voice_vgui_tweakdlg.obj
 0001:00008abd       ??0TweakScroller@@QAE@XZ   10009abd f   voice_vgui_tweakdlg.obj
 0001:00008af4       ?Init@TweakScroller@@QAEXPAVPanel@vgui@@PADH@Z 10009af4 f   voice_vgui_tweakdlg.obj
 0001:00008c2a       ?GetValue@TweakScroller@@QAEMXZ 10009c2a f   voice_vgui_tweakdlg.obj
 0001:00008c4e       ?SetValue@TweakScroller@@QAEXM@Z 10009c4e f   voice_vgui_tweakdlg.obj
 0001:00008c75       ??0CVoiceVGUITweakDlg@@QAE@XZ 10009c75 f   voice_vgui_tweakdlg.obj
 0001:00008d64       ??1CVoiceVGUITweakDlg@@QAE@XZ 10009d64 f   voice_vgui_tweakdlg.obj
 0001:00008d7f       ?Open@CVoiceVGUITweakDlg@@UAEXXZ 10009d7f f   voice_vgui_tweakdlg.obj
 0001:00008ffa       ?Close@CVoiceVGUITweakDlg@@UAEXXZ 10009ffa f   voice_vgui_tweakdlg.obj
 0001:00009016       ?paintBackground@CVoiceVGUITweakDlg@@UAEXXZ 1000a016 f   voice_vgui_tweakdlg.obj
 0001:00009099       ?StateChanged@CVoiceVGUITweakDlg@@UAEXPAVCCheckButton2@vgui@@@Z 1000a099 f   voice_vgui_tweakdlg.obj
 0001:000090c6       ??0Frame@vgui@@QAE@ABV01@@Z 1000a0c6 f i voice_vgui_tweakdlg.obj
 0001:000091e4       ??4Frame@vgui@@QAEAAV01@ABV01@@Z 1000a1e4 f i voice_vgui_tweakdlg.obj
 0001:000092fc       ??0TextPanel@vgui@@QAE@ABV01@@Z 1000a2fc f i voice_vgui_tweakdlg.obj
 0001:00009323       ??4TextPanel@vgui@@QAEAAV01@ABV01@@Z 1000a323 f i voice_vgui_tweakdlg.obj
 0001:00009344       ??0InputStream@vgui@@QAE@XZ 1000a344 f i voice_vgui_tweakdlg.obj
 0001:0000934d       ??0InputStream@vgui@@QAE@ABV01@@Z 1000a34d f i voice_vgui_tweakdlg.obj
 0001:00009358       ??4InputStream@vgui@@QAEAAV01@ABV01@@Z 1000a358 f i voice_vgui_tweakdlg.obj
 0001:0000935d       ??0FileInputStream@vgui@@QAE@ABV01@@Z 1000a35d f i voice_vgui_tweakdlg.obj
 0001:00009378       ??4FileInputStream@vgui@@QAEAAV01@ABV01@@Z 1000a378 f i voice_vgui_tweakdlg.obj
 0001:00009387       ??0DesktopIcon@vgui@@QAE@ABV01@@Z 1000a387 f i voice_vgui_tweakdlg.obj
 0001:000093c6       ??4DesktopIcon@vgui@@QAEAAV01@ABV01@@Z 1000a3c6 f i voice_vgui_tweakdlg.obj
 0001:000093ff       ??0Cursor@vgui@@QAE@ABV01@@Z 1000a3ff f i voice_vgui_tweakdlg.obj
 0001:00009426       ??4Cursor@vgui@@QAEAAV01@ABV01@@Z 1000a426 f i voice_vgui_tweakdlg.obj
 0001:00009456       ??0App@vgui@@QAE@ABV01@@Z  1000a456 f i voice_vgui_tweakdlg.obj
 0001:0000957e       ??4App@vgui@@QAEAAV01@ABV01@@Z 1000a57e f i voice_vgui_tweakdlg.obj
 0001:000096fa       ??0MiniApp@vgui@@QAE@ABV01@@Z 1000a6fa f i voice_vgui_tweakdlg.obj
 0001:0000970f       ??4MiniApp@vgui@@QAEAAV01@ABV01@@Z 1000a70f f i voice_vgui_tweakdlg.obj
 0001:0000971e       ??4String@vgui@@QAEAAV01@ABV01@@Z 1000a71e f i voice_vgui_tweakdlg.obj
 0001:0000972b       ??0ScrollPanel@vgui@@QAE@ABV01@@Z 1000a72b f i voice_vgui_tweakdlg.obj
 0001:00009784       ??4ScrollPanel@vgui@@QAEAAV01@ABV01@@Z 1000a784 f i voice_vgui_tweakdlg.obj
 0001:000097e6       ??0ScrollBar@vgui@@QAE@ABV01@@Z 1000a7e6 f i voice_vgui_tweakdlg.obj
 0001:00009844       ??4ScrollBar@vgui@@QAEAAV01@ABV01@@Z 1000a844 f i voice_vgui_tweakdlg.obj
 0001:0000989c       ??0Slider@vgui@@QAE@ABV01@@Z 1000a89c f i voice_vgui_tweakdlg.obj
[...]
FIXUPS: 6608 17 22 2c 60 2e 39 7d 36 1a 31 17 22 2c 60 2e 39 7d 36 1a 31
FIXUPS: 6a73 22 2c 60 2e 39 7d 464f7 8d 10 fffb8d70 36 1a 31 17 22 2c 60
FIXUPS: 607d 39 7d 36 1a 31 17 22 2c 60 2e 39 7d 36 1a 31 17 22 2c 60 2e
FIXUPS: 650a 7d 36 fffff218 39 7d 36 1a 31 17 22 2c 60 2e 39 7d 36 1a 31
FIXUPS: 5b4d 22 2c 60 2e 39 7d 36 1a 31 17 22 2c 60 2e 39 fffff23d 60 2e
FIXUPS: 5190 7d 36 1a 31 17 22 2c 60 2e 39 7d 36 1a 31 17 22 2c 60 2e 39
FIXUPS: 5661 36 1a 31 17 22 2c 60 fffff256 22 2c 60 2e 39 7d 36 1a 31 17
FIXUPS: 4c49 2c 60 2e 39 7d 36 1a 31 17 22 2c 60 2e 39 7d 36 1a 31 17 22
FIXUPS: 3eef 1b6 59 22 d2 123 172 2c 3b 6b 1a 2b 17 22 2b 5c 2e 37 78 36
FIXUPS: 478b 31 17 22 2c 60 2e 39 7d 36 1a 31 ffffe2a9 1d 24 a6 4e 101
FIXUPS: 2edc 60 6 17 f9 a 199 42 21 10a 73 a7 c7 d2 1cc da 21 91 17a 19c
FIXUPS: 3cba 87 27 bf 38 72 ffffe44c 42 1a 5b 9c 18 16 12 6f 10c e 47 42
FIXUPS: 26de 92 5e 83 2e 42 3a 49 3e 1f 27 21 2d 25 18 36 25 a1 82 ffffe8d3
FIXUPS: 14ab c0 1d7 32 12 15 1b d 8d c 28 42 1c 5b 4e 78 c 1f 42 1a 5b
FIXUPS: 1b39 1fd f 1d 45 1b 62 9c 432 c 502a 6 7c 8f 2e e6 45 ea 22 26
FIXUPS: 76e7 263 1a0 16 13 1a 14 a5 55 8 45 21 b ad 1b5 fffff2f6 34 93
FIXUPS: 6c2c ffffa42e 38 13 8705 13 13 6a 104 3a 12 9 51 46 ffffe755 9
FIXUPS: 819a 9e 30 14 b4 1c f 7 1c 4c 1e 22 11 f fffffcd2 fffff1dd 11 14
FIXUPS: 7308 8 1800 13 1b a1 5c b1 ff d2 1f 13 f 17 d4 18 128 62 a6 59
FIXUPS: 92c9 17 cf 5 8 7b 37 6e 25a 15 13 13 13 13 fffff06e 15 19 d 1b
FIXUPS: 88a1 19 2f 19 2b 4495b a a a c fffbb6c1 b a 23 13 1b 36 1b 13 1b
FIXUPS: 8a6b 1b 13 1b 13 1b 13 fffff95d 5 a a c 1d 1b d0 17 39 16 6c 44c03
FIXUPS: 4d25e fffbb413 d 12 b b 11 3b a a 1f a 24 e 44b07 e a fffbb500
FIXUPS: 87db 44af1 fffbcaaf 90 a 14 30 a 15 3a b 1b 22 16 16 7e 6c 10 42
FIXUPS: a086 22 2a 11e 116 27 64 3f 365 59 64 5e 58 d5 627 6 a 9 6 6 6
FIXUPS: afd5 4f6 26 56 4c 1c ffffe4c1 5 a a c b 16 11 12 12 178 18 14 46
FIXUPS: 9ce0 b b 15 435b7 fffbf3f0 d 21 10 10 20 13 c 40c79 a fffbf3d0
FIXUPS: c79e c 12 70 38 ed db 18 ffffe1ba 6 9 6 6 9 33d 9 6 6 14 6 b 1303
FIXUPS: c34d 23 20 2e 21 11 56 26 37 3b 1e 19 40e73 c fffbf1a7 1f 33 22
FIXUPS: c5bb 11 7 24 8 21 9 1e 2d 16 40d12 8 c fffbea77 44 86 30 14 8a
FIXUPS: bfde 39 46 a8 b 17 12 f 41204 a fffbee0d 1d 12 f 411bf a fffbee52
FIXUPS: c1dd c 4118b a fffbee94 e 22 29 20 fffff66c 53 25 1c e 2a 15 91
FIXUPS: ba82 4187a c fffbe84e 21 33 41766 a fffbe8e0 2d 39 15 416af a fffbe97f
FIXUPS: bccc d 7 28 78 21 2d 4156a a fffc1cf9 31 1b4 164 6 3e042 c fffbe201
FIXUPS: b5fb 27 20 41c92 a fffbe389 22 11 2a 15 41c0f a fffbe45a 15 30
FIXUPS: b798 32 1b 7 4c 16 60 25 6 2c10 2b 2b 26 37 2b 2b 10 36 1e 12 7
FIXUPS: e684 147 4f 9 57 11b 345 3b 46 71 29 2c 29 3b 23 7f 47 1c 15 1b
FIXUPS: d8c7 26 26 13 639 2b 2f 26 26 37 2b 2b 2f 26 26 37 2b 2b 2f 26
FIXUPS: e215 37 2b 2b 2f 26 26 16 103 2b 2b 26 ffffee93 2b 2f 26 26 37
FIXUPS: d44d 2b 2f 26 26 37 2b 2b 2f 26 26 37 2b 2b 2f 26 26 37 2b 2b 2f
FIXUPS: d7e5 26 37 2b 2b 1e4d 8 9 f 16 c 22 1b b 1e 11 56 56 2e ffffd1d7
FIXUPS: ca68 2c 219 26 105 1ee 24 1c a8 12d 37 2b 2b 2f 26 26 37 434d 36
FIXUPS: 4d4ac a a a a c fffc41ff 18 30 e d 30 e e 18 3f f 18 b 22 7 e 6d
FIXUPS: 118d2 14 1a ffffdd0a 26 f 8a 1a1b 24 18 e 15 34 31 2e 3b 4a d 8
FIXUPS: 11276 d 81 21 29 24 31 d8 d 29 20 17 31 31 3e 32 27 d 17 31 fffff511
FIXUPS: 10b59 26 49 1f 26 18 12 2f 31 3b 17 9 42 2f 1a 4c 3c6af a a a c
FIXUPS: 10dea 82 e6 1d 64 1b 59 72 f f fffff5c9 6 12 6 12 6 b 39 b 22 e6
FIXUPS: 1083f 1d 15 11 23 d 1a 14 cf 15 1c 6 18 1c 32 e f a 4f 47 26 3c8bb
FIXUPS: 4d3f4 a a a a a a a a a a a c fffc3117 6 1d 6 17 11 12 6 12 6 11
FIXUPS: 10628 11 11 11 11 11 11 fffffa4b 18 e 2e 28 35 3c 18 38 f c f e
FIXUPS: 102b6 13 26 18 e 49 34 30 26 18 e 46 34 34 26 18 10 2d 3cea9 fffc28e4
FIXUPS: fcf9 3b 18 36 1d e 11 11 3e 9 28 18 e 58 34 2a 1d e 11 11 30 26
FIXUPS: ffd5 e 20 2a 1d e 11 11 39 1aaa 78 78 b1 97 2b 16 2b ffffdbc0 19
FIXUPS: fa28 f d e 23 18 e 1c 26 18 e 21 26 18 e 41 34 3c 14 27 18 e 28c0
FIXUPS: 1255a 43 49 94 8e fb 143 8 8 8 8 8 8 ffffef97 14 d 14 d a 26 15
FIXUPS: 119aa 2d 22 1d 3bad2 a a a c fffc45ea 54e a9 37 5d 23 3b372 a a
FIXUPS: 4d53a a a c fffc4c9c 18 19 1f 44 21 3b2b9 a c fffc4d58 33 98 2f
FIXUPS: 1243c 37 14 13 14 45 27 c8b 1a 23 1f 2a 3a36d a a a a a c fffc5ce6
FIXUPS: 132c3 52 b ffffeaf1 16 17 15 e 8 8 b 17 30 1b 30 1b 34 1d ad c9d
FIXUPS: 12ccb 17 db f 9 f 22 f 8 f 75 1d 13 f f 7 1d 3a671 a fffc59d7 f7
FIXUPS: 13076 d d 20 1a 21 1f 2b 45 8 3e6 34 3a 81 63 49 9 c0 3c 9c 7 1e
FIXUPS: 13938 d 161 ffffef50 6 21 1d a 23 1d a 29 3f 82 2c 13 36 5e 5c
FIXUPS: 12cb4 1439 5e fffffa6e 26 d 22 26 6 fffff6fc d c d 12 a b 19 27
FIXUPS: 133e3 3b 1d 3a1a5 c fffc5e82 b d b 1c b 8 f 16 63 2a09 7 ffffe25a
FIXUPS: 141ef 18 393ed c fffc6c30 3d 17 39384 c fffc66e9 11 15 15 ae 5
FIXUPS: 13e1a 23 4b 34 4f 23 14 7 14 7 26 6c b9 13 18e1 1b 1f 12 13 32
FIXUPS: 15a3f 1b 36 27 34 c6 10 f 37b64 c fffc8503 b 10 42 102 17 9 3c
FIXUPS: 15e0c e 85 c 8 c 8 c 37771 a a a a a a a a a a a a a a a a a a
FIXUPS: 4d702 a a a c fffc81c9 13 6 31 11 11 11 11 fffffaad 39 35 50 f
FIXUPS: 1552d 13 1b 39 35 61 c 26 18 e 56 34 26 1c d e 29 28 35 27 a 26
FIXUPS: 1585e e 1d 37da7 a fffc7987 1c e 3c e 5a c 6 c 4e b 5a c 6 c 4e
FIXUPS: 151d7 5a c 6 c 49 f 30 13 1b 39 35 50 f 30 13 fffff733 14 b 14
FIXUPS: 14b84 99 2e 1c 10 1a 15 3e 26 18 e 1b 3c 1c e 1b 3c 1c e 2d 3c
FIXUPS: 14eb7 e 2d 3c 1c e 2d fffff762 32 e f e 1d 4b c 2b 4f 1b 42 f 32
FIXUPS: 148de f e 1d 2c 28 1b 4c 19 f 2a e 1a 11 2d 25 8 56 fffff865 f
FIXUPS: 1438c b 22 18 e 16 25 18 e 27 d 32 e f e 1d 28 2c 1b 42 f 31 e
FIXUPS: 145fc e 1d 2c 28 1b 42 6476 a 9 23 23 2f 3b 1f 13 16 89 b7 48 4e
FIXUPS: 1aeaf ce 6 21 22 329a2 a c fffc692a 6 b b 28 39330 c fffc6cda 19
FIXUPS: 14364 6568 50 1c 6 1f 6 14 6 14 6 19 6 14 6 14 6 14 6 14 6 14 6
FIXUPS: 1aa53 6 26 16 1f a 15 16 32e6b c fffccbf1 2f 16 17 29 15 3332d
FIXUPS: 4d922 fffccd03 20 18 17 29 15 3327a a fffccdb6 20 20 20 3a 20 20
FIXUPS: 1a7de 16 11 3313b a fffcced3 31 1a 2a fffffb21 12 6 12 6 12 6 18
FIXUPS: 1a419 19 6 12 6 12 6 12 6 14 6 14 6 14 6 12 6 18 6 12 6 12 6 17
FIXUPS: 1a09b 2d 26 2a 26 2f 18 13 5d 18 13 60 35 335f3 a a a a a a a a
FIXUPS: 4d902 c fffcc9d7 15 41 40 6 14 6 12 fffff6a6 59 29 f 2f 6b 71 17
FIXUPS: 19c17 11 1d 52 cf 15 10 26 5a 33a89 c fffcc5ed 10 1b 13 52 18 13
FIXUPS: 19fa5 18 13 5b 23 2a 337b6 a a a a a a a a c fffcb91f 16 66 15
FIXUPS: 192be 25 1f 68 15 a4 2f 17 86 15 325 d 42 d 14 c1 49 15 fffff3c4
FIXUPS: 18db1 68 39 a0 23 1d 25 39 a 35 41 1d 59 d 9 1d 39 1d 40 23 3464e
FIXUPS: 4d7ca a a a a a a a a a fffcb003 17 c8 2d 19 1a 36 2d 1d 1a 20
FIXUPS: 18a54 1d 1c 1e 31 1d 1b 1f 18 17 5b 36 1d 1b 20 2d 1d 27 2b 34
FIXUPS: 18d48 fffff5b0 f 7 1a 15 14 3545b c fffcabea 2a 20 8b 12d 6 36
FIXUPS: 1863b b b b b b b b b d 2f 2b 60 56 15 20 2a fffff538 13 19 90
FIXUPS: 17e71 67 62 49 8 1d 8 22 8 23 4d 26 15 46 19 e3 e 25 20 2e 3553c
FIXUPS: 4d78e a c fffcab16 d 1b b fffff021 12 2b 2b 78 82 2b 8f 32 68 2b
FIXUPS: 176f4 31 34 31 75 2b 4e 82 44 7 2f 2b 75 7b 2b 6c 76 2b 75 73 7b
FIXUPS: 16fe5 8 7 1f 7 38 8 28 52 56 d 55 26 11 6c d b b b b b b b 10 11
FIXUPS: 172b5 b b b b d 15 fffff80d b3 15 16 12 14 81 29 b 20 7 41 12 32
FIXUPS: 16dd8 1a 1c 57 27 14 18 19 f 7 1f 7 3e f 10 21 21 12 fffff59e 19
FIXUPS: 1669f cb 36 37 7 5a 36 1a 13 23 9 e 33 c e 2b a e 28 f 20 20 18
FIXUPS: 16a4e 12 b 21 1b 26 28 36c53 c fffc8922 1d 1c 1d 1d a 6f f e4 1b
FIXUPS: 16282 374da c fffc8b3e c0 18 34 373be c fffc8c5a 1d 64 a 14 30
FIXUPS: 164bd 14 1a 45 18 4f3c 25 73 f 74 23 21 d5 36 3229a a c fffcdeb7
FIXUPS: 1b85e d 27 b d b 1f 5f 11 33 33 33 33 33 33 ffffa4ef c0 1b 12 7582
FIXUPS: 4da32 a fffcfbd6 12 eb ea 25 c 3e 3c 14 3f 4b 1a ffffd707 c 2c
FIXUPS: 1b0cf a 11 3e e4 18 2e 18 23 ec 30 30 30 2d 1b7e 9 7 5c 7 b 7 c
FIXUPS: 1d07d 7 c 1b 43 e 16 7 21 21 15 10 10 88 7 2d fa 38 63 73 134 14
FIXUPS: 1d5a9 24 fffff0a4 7 3a a1 23 ac 67 d 46 3a d de 4c 93 13 43 48
FIXUPS: 1cbae 8c 7 7a 8d 13 3e 3f 51 64 26 10 91 1c 3d fffff094 2f e 7
FIXUPS: 1c0ae 16 c 63 3187b 1a f 1a 1e 9 c fffce74d 10 5c 31 9 11 7 131
FIXUPS: 1c4c8 ed 16 2e e f b d d fffff531 24 f 2d f d d 11 24 53 24 8 16
FIXUPS: 1bcc8 2b 1c 34 9 38 5f 24 1a 7a 32 2e a 7 20 e 18 9 ac 1b25 12
FIXUPS: 1db47 9 9 9 7 2fedb a a a a a c fffd0118 18 7 e 1d d e 5d 112 7
FIXUPS: 1de61 7d ffffdbfd 1c 19 b 21 f 2de7 22 26 d 29 1f 37 9 2e 2e 2e
FIXUPS: 1eaca 69 66 11 ffffeddc 17 17 2b 23 10 b 23 11 6 32 23 10 b 23
FIXUPS: 1dafb 6 2ff9f a a a a a a a a c fffd0ac8 17 10 1c 2f4fd c fffd0b49
FIXUPS: 1e676 21 16 139 4a 17 4a 7 9 1e 1d b 12 12 9 fffff869 11 20 46
FIXUPS: 1e21e 2a 2a 2a 15 2f 9 a 58 3b 24 e 25 1d 2d 25 1d 2d 28 1d 2d
FIXUPS: 1e530 1d 2f 8 8 2f500 a fffd6d38 4e 5e 82 10 6f b1 ffffa19c 17
FIXUPS: 1ec23 7 1a 7c 104 d 1c d 14 da be fffff07b 19 19 24 e 45 20 11
FIXUPS: 1e11b 11 20 11 6265 12 68 9 7 1f 15 33 15 30 36 18 78 1d 6b 23
FIXUPS: 2467c 6 25 29715 c fffd691b d 14 11 9 9 28 8 12 10 23 fffff899
FIXUPS: 24053 7 d 17 7 1d 9 2a 7 7 7 4b 1c 7 5b c 2f 7 14 23 1b 11 7 12
FIXUPS: 24292 7 d 6e 42 26 7 fffffa01 7 d 17 7 d 18 7 e 20 18 7 10 28 5
FIXUPS: 23e7e 14 25 2f e e 14 7 1c 35 60 6 16 8 14 9 13 fffff7e7 7 24 b
FIXUPS: 2384d 19 e 2b 20 9e 33 28 31 2e 25 5a 34 3f 7d 4f 7 58 28 27 b
FIXUPS: 23cae 10 f 1b 7 26 6 fffff5e5 16 4c f e 26 18 30 2b 35 32 28 12
FIXUPS: 234c6 a 2e 28 35 33 2a 12 c a 20 24 31 2a733 a a a c fffd5a24 fffff6d4
FIXUPS: 22eb3 d 44 25 37 31 1f 7 65 10 25 2ace7 c fffd538b f 25 2ac49 c
FIXUPS: 23197 f 2a 2ab90 c fffd54de 10 25 2aaf5 c fffd5538 12 2a fffff6aa
FIXUPS: 229d7 d 11 23 24 9 21 70 1c 1c 1c 1c 19 19 19 19 19 12 86 af 7
FIXUPS: 22d1c 1d 1d 1d 62 5d 28 2f d b fffff62a 35 1c 11 7 27 7 37 7 7
FIXUPS: 225d9 11 44 15 9 4a 14 e8 1d 24 2d 1d 19 2b 2d 2b482 c fffd4bac
FIXUPS: 228d7 23 2b42a c fffffee4 a a a a a a a a a a a a a a a a a a a
FIXUPS: 4dcdc a a a c fffd4729 2e 12 7 d 12 2b fffffc2f 14 2a 1a a 13 32
FIXUPS: 221df 14 28 19 a 14 34 49 14 2a 1a a 13 32 4b 2b7ef a a a a a a
FIXUPS: 4dbf6 a a fffd408d a 13 32 49 14 28 19 a 14 34 49 14 28 19 a 14
FIXUPS: 21ec6 49 14 2a 1a a 13 32 49 14 28 19 a 14 34 fffff7e3 1b 12 16
FIXUPS: 21919 a 26 1b 12 14 4e 14 28 1a 13 2c 49 14 2f 18 8 c 26 14 2a
FIXUPS: 21ba3 a 13 36 49 14 2a fffff81c 10 14 28 1a 13 30 14 28 1a 13 29
FIXUPS: 21608 33 1a 16 28 2b 23 14 2a 1a a 13 29 24 26 1b 12 16 4d a fffff821
FIXUPS: 21091 15 1e 29 10 28 1b d 23 14 28 1a 13 28 49 14 28 1a 13 28 49
FIXUPS: 21338 28 1a 13 2c 49 14 28 1a 13 fffff85c 10 14 28 1a 13 26 3a
FIXUPS: 20daa 2a 1a 17 39 1f 1c 1f 14 38 18 b f 14 26 14 39 1a d 15 1e
FIXUPS: 2101d 14 39 fffff751 4c 2d395 c fffd2dab 1e 14 25 18 8 d 19 46
FIXUPS: 20a5a 1a 16 29 1d 23 1e 28 1a d 14 28 51 a 28 1a d 14 1e fffff7ad
FIXUPS: 2045f 19 d 16 1b 34 18 b 13 20 d 9 45 39 4a 6d 9 2d4d4 a a a c
FIXUPS: 206c9 18 10 16 34 22 1b d a fffff64e 7 46 a 7 3b d 21 13 e 25 1b
FIXUPS: 1ff2b 20 14 90 25 16 16 4e 2f ce 75 50 37 15 a8 31 3a 19 d 16 fffff6e4
FIXUPS: 1fafa 2e 2e 2e 32 d 1d d 10 f 7 7 7 7 13 a 7 7 2deeb a fffd21b7
FIXUPS: 1fd22 6 12 6 c 10 2ddfa a fffd2219 28 fffff8ac 2d 78 3c 43 2c 23
FIXUPS: 1f7fb 11 24 47 13 29 3e 10 10 5e 2c 15 2e168 a c fffd1ebd e 11
FIXUPS: 1fa26 13 4e 7 17 5 15 2e417 a a a a a c fffd8e8d 6d 5e 2f 23 18
FIXUPS: 26ee2 f5 a 51 1b ae c ec 1e 1e a8 14 26c31 c fffd1568 2f 3a 40
FIXUPS: 1f5fc 7503 38 34 48 e 38 e f 9 3e 9 38 e f 9 3e 8 38 e d 9 27102
FIXUPS: 4de72 a a a a a a a a a fffd87a4 9 29 e 1b 39 35 44 9 29 e 1b 39
FIXUPS: 26846 44 9 29 e 1b 39 35 44 9 29 e 1b 3b 34 44 9 29 e fffff68c
FIXUPS: 2618c 39 35 44 9 29 e 1b 39 35 48 9 29 e 1b 39 35 44 9 29 e 1b
FIXUPS: 264f0 35 44 8 27 e 1b 39 35 fffff6a3 23 18 e 1d 3c 35 3c 25 9 2b
FIXUPS: 25e4c 1b 39 35 44 9 29 e 1b 39 35 44 9 29 e 1b 39 35 46 9 25 fffff4a0
FIXUPS: 2561c 44 27 2b 31 a 7b 1a 47 28677 c fffd7aa0 19 1d 15 11 28 d
FIXUPS: 25997 14 267 18 1d 6 e b 281ee c fffd7e33 22 f fffff6e9 11 11 11
FIXUPS: 253f1 11 12 6 12 6 11 11 11 11 11 11 11 11 11 11 11 11 11 11 11
FIXUPS: 25542 11 18 22 2b 2e e fffffb5a 34 e f b a 1d 2b d 26 18 e 57 31
FIXUPS: 252fc 28ad4 a a a a a a a a a c fffd7514 6 1d 6 1d 6 fffff99f 18
FIXUPS: 24d5b 41 34 3b 18 28 18 e 20 28 e c 18 e 20 28 c e 1a 38 34 3c
FIXUPS: 25044 17 32 e f e 2e 49 3823 a4 17a 10 22 4c 53 7e ffffbd98 19
FIXUPS: 24ab5 f f a d 22 18 e 20 2a 1d e 11 11 30 26 18 e 41 34 3c 18 2c84
FIXUPS: 279af 20 3f ca 36 6d c5 bb ac 10 46 2f 29 38 13 d8 a3 7f 17e 66
FIXUPS: 2829e 85 1d 210 9c 2f 6e 72 2e 166 6a 6c6 11 11 11 ffffe346 52
FIXUPS: 2743d 29 1a 3c 9 21 9 3f c 24 50 50 35 1c 11 17 11 2b 31 8e 98
FIXUPS: 27827 1d 20 28 b1 1465 11 e e 11 11 12 10 17 e e e e 11 11 11 14
FIXUPS: 28eba 11 11 11 11 11 11 14 11 11 11 11 11 11 11 2037 19 10 56 24
FIXUPS: 2b0a1 1b 1f 1d 10 21 10 21 e 66 1a 1f 36 ffffddc5 3e 53 23 31 fffffc3a
FIXUPS: 28d2f e e e e e e 11 1b35 9 9 38 63 12 5b bd 1f de 63 61 c 18 b
FIXUPS: 2aca1 1d 1b 16 b b b 84 68 12 e3 3e 46 1f 15 10 19 fffff4b3 1c
FIXUPS: 2a4bc 1f 1d 10 21 10 21 e 66 1a 1f 5c bc 36 2b 1d 51 b 10 33 2d
FIXUPS: 2a873 b 9 9 9 a a a 9 fffff428 10 19 10 56 58 20 10 22 11 21 11
FIXUPS: 29eb3 46 48 49 1b9 6c 90 35 1f 63 35 4a 1f 15 10 19 10 19 10 56
FIXUPS: 29869 e e 53 27 23 23 36 2b 5f 44 1f 2c 96 e e 39 a a a b b 22
FIXUPS: 29be0 b b a a 74 2c 15 10 fffff60d 15 e 7 74 d d 15 7c 11 11 d
FIXUPS: 29461 25 d 1c a 27 30 18 2e 19 16 120 41 85 27 27 e 78 e e 6095
FIXUPS: 2f8fe e 11 5 5f 12 2b 26 b6 10 19 10 b e c ffff9678 28 13 9 15
FIXUPS: 291e4 9 18 17 d 44 10 1f 11 17 11 61bd 28 26 26 34 e 11 5 38 2d
FIXUPS: 2f5ed 28 26 26 45 2d 2a 28 26 26 45 2d 2a 28 18 7 2f 1b 1a d 7
FIXUPS: 2f8d3 fffff499 1fb 28 26 4e 2a 28 26 34 e 11 5 38 2d 2a 28 26 26
FIXUPS: 2f21b 2d 2a 28 26 26 45 2d 2a 28 26 26 45 2d ffffec5e b 22 10 1ba
FIXUPS: 2e2d9 1a 16b 5a 69 78 bd 1d d d 41 17 18 100 5d 6 6d 75 12 17 18
FIXUPS: 2eb2f a8 11 11 11d 12 ffffe6e1 3c d5 86 2e 26 23 2f 63 34 2b 2e
FIXUPS: 2d75c 23 2f 63 34 2b 2e 26 23 2c 59 5 17 9 27c 14 3f 107 fa fa
FIXUPS: 2cb8f 26 26 36 2d 26 29 26 8 2c 8 cd 35 2f 3e aa 35 2c 2f c6 3b
FIXUPS: 2d0c5 2f a7 21 7 1c 10 10b 3d 17 17 fffff127 26 26 40 34 34 30
FIXUPS: 2c5d6 26 79 f 29 f 29 2b f 29 f 29 1a8 2f 56 8 36 3b 29 26 39 2d
FIXUPS: 2cb01 26 3b 358e 11 11 11 11 ffffb19c 133 a f 94 13 7 3b ba 2fd
FIXUPS: 2b9e4 8 8 8 8 8 14 8 8 8 c2 36 c2 295 77 18b 3d3 5398 7 34 3d 134
FIXUPS: 319dd ffffe783 10 fc c 29 e 10 11 13 6b 7 11 9 2ac 22 186 1e fffff7a0
FIXUPS: 30021 21 21 1f 2a 11 11 11 a35 27 44 50 37 46 16 70 71 285 a 36
FIXUPS: 31050 a 51 73 2e 32 14 46 20 1b e3 6 20 1d 2a 14d 141 a 91 84 1808
FIXUPS: 32f87 13 a6 1c 8a 6d 8f 16 7d b9 18 155 82 8d 7c fc 28 28 cf ffffe35f
FIXUPS: 31ba5 a a c ffffeda5 f 14 14 91 1d4fe c fffe49bb d6 bd c c4 36
FIXUPS: 32bd4 78 f7 14 3f 13 42 11 11 11 f f f 11 c f f f f f f f f c f
FIXUPS: 32f0a fffff240 2a 60 59 14 3a 7 7 7 8 62 4a 7e 68 e 2c 7 19 5 5d
FIXUPS: 324ed 7 24 3e 6a 23 60 e 2f 218 14 37 fffff4f1 b b 68 58 7 18 7
FIXUPS: 31ed7 49 7 a a a 85 76 5 8 8 5 9 9 8 23 7 7 28 11 1d 37 7 7 2cda
FIXUPS: 34e2b 21 18 22 4d 37 41 82 c2 2d 4a 64 9d 43 13 ffffca07 17 17
FIXUPS: 31ca9 17 17 17 17 17 17 17 17 e 7 25 23 298e b b b 37 1c 16 e c
FIXUPS: 347fc c c c c c c c b7 bd 6e 11 5d 4a 8e 46 1c 3c e 87 49 c 98
FIXUPS: 343c3 30 1f 34 5 7 6 1f 5 7 6 11 14 7 f 13 7 f 17 7 74 7 7 7 6f
FIXUPS: 346eb 5 d 8 b 1b b fffff66d 2c 17 17 17 17 17 17 b c c c c c c
FIXUPS: 33eb8 c c c c c 10 18a a 11 29 11 19 f 74 18b ab 1493 b6 12 fffff968
FIXUPS: 3528f 33 70 3b c3 2f 65 7 b 1c 7 12 ffffe35b 52 11 5e e e e 5e
FIXUPS: 33a11 62 74 72 7a 61 7a 97 2493 d 16 d 16 d 16 d 16 d 16 d 16 d
FIXUPS: 359a0 41 13 27 4a 23 f1 fffffa34 82 26 83 b 25 37 12 73 3f 33 6d2
FIXUPS: 35f0d 18 b 37 b 18 13 e 20 c c 7 e 7 1b a6 d 16 d 16 d 16 d 16
FIXUPS: 36159 16 d 16 d 16 d 2e3 fffff743 5 a a c 41 b 16 d 6c 3d 1e 43
FIXUPS: 35da0 d 14 e 5 2a b 35 5 e 6 a 5 19 18 3e f b c34 fffff9ca 42 3a
FIXUPS: 3657f b7 19e 5 a 11 a 21 d 48 3b 4e 38 28 1e 17 6f 73 2a 14 10
FIXUPS: 36ad6 fffff973 14 22 6 5 b 15ed f1 fffff05b 39 62 ab f e1 1c3 1b
FIXUPS: 36fe9 5 7 18 11e ed 96 159 27 31 10 1c 26 74 50 182 6 56 be 2f
FIXUPS: 3785a fffff2ac 1382 7 30 7 8 8 e 1c 29 fffffd43 29 2a 7 fffffec3
FIXUPS: 37b8e a a c 5 8 12 d 1b 14 f b 27 8 ffffff32 fffffe3f b a9 dc2
FIXUPS: 38848 12 ff 22 a4 28 7 17 93 46 30 5 18 97 3d 11 14 13 15389 c
FIXUPS: 38cbe 6 d 11 13 1533f c fffeacdc 6 fffff135 17 46d 1f 1f 1c b 5
FIXUPS: 3864d 43 9 11 13 5 8 8 8 23 1584a e e e e e e e e e e e e e e a
FIXUPS: 37f53 5 a a c 74 3e d 1d 1a 1a 1d 1a 1a 13 10 10 10 10 1c 1f 1f
FIXUPS: 381a5 1f 1f 1f 1f 1f 1f 1f 1f 1f 206a 14 14 14 14 ffffead3 5 12
FIXUPS: 38ebe 62 b 10 b b 25 6d 14 49 3a f f 8e fffffc62 7 1e 7 5 b 1c
FIXUPS: 38de7 27 12 f69 45 2c 119 20 e e 7a 16 e e 10 91 4a 4a b4 e e 1d
FIXUPS: 3a237 1a 16 12 16 17 13 6 f a c 22 10 fffff29c 14 14 2a 6d d 2d
FIXUPS: 396c0 17 18 16 c 4a 135 1a 49 7 148 2a 6 c0 23 23 21 d 5a 2d 57
FIXUPS: 39c95 2a 46 3a 14a2 28 28 2b bd 117 7 412 24 138 1e 48 1e 48 1e
FIXUPS: 3bad7 1e 38e 53 8a 21 14 17 14 109 7 7 34 6e 44 ffffd3cd 14 101a
FIXUPS: 3a5cf 17 1a 18c 1c 65 111 31 c d4 d 7 7 7 3f 23 b3 c9 97 f c5 55
FIXUPS: 3adfe 2c 37 76 17 b 76 55 c 2542 c c c c c c c c c 7e d 3d2 1a
FIXUPS: 3da07 71 b c b 49 ffffe73f f 7 1e 17 ffffe151 10 33 12 4f f7 c
FIXUPS: 3c9a7 57 10 20f 6 ee 36 29 af 3a 25 10 17 136 be c 53 17 44 1a
FIXUPS: 3d17a 169 c 8f 2a d a5 d 53 1c 24 c ffffed87 6 1c 6 ff 3b 10 36
FIXUPS: 3c449 f b 7 47 1d d 14 3f 1e1 1a 12 64 16 f 26 27 36 e2 b c b 34
FIXUPS: 3c9a2 1cd1 a4 2e 1e c8 1c 3a 19 151 69 2c 54 b7 244 11d 60 17a
FIXUPS: 3f13e 1a 57b 5 5 5 a 5 5 b 5 b ffffcb6a 6 6 1d44 c c c c c c c
FIXUPS: 3e02b c 35 10 b 10 b 22 a2 1e 1a 144 c b2 5 3c 31 54 1c cc 14 20
FIXUPS: 3e5d3 23 fffff801 c c c c c c c c c c c c c c c c c c c c c c c
FIXUPS: 3df17 68 6 a c c c c 1e90 1e 1e 176 6d 32 7d 6 15 12b 148 13 1d3
FIXUPS: 40596 ffffd573 e 6c 56 17 42 1a d 2f f f fa f c c c c c 294b 7
FIXUPS: 40745 8 36 1a e 1c c a 10 fffff066 3b 8e 1c 99 1d 2b 12 b c 1c
FIXUPS: 3fa71 10b 61 79 5d c7 4c 29 24 1e b6d 10 4a 32 195 96 56 31 da
FIXUPS: 40dce 77 36 118 47 18 37 13 13 5f 13 13 90 45 10b 24 7b 5 14 fffff244
FIXUPS: 405bf 70 78 1c32 e 8 67 40 10 fffff1f6 39 33 3c 57 1b 1b 1b f3
FIXUPS: 418b3 c1 bf 36 77 fffff9a3 9e 2f 17 17 fffff2b3 17 32 21 12 1c
FIXUPS: 408d6 1261 16 e 17 e b5 e 16 e 17 e b0 e 16 e 17 e a4 e 16 e 17
FIXUPS: 41e8e cc 9 57 14 c 3f 1ae 30 da 218c d 5 83 a 5 13 5 5 13 5 5 2f
FIXUPS: 44573 5 5 a 2f 31 3b 5 5 17 5 a 5 1d 23b 72 5 ffffd1d0 33 1df7
FIXUPS: 439d2 8a 23 10 4f 2d 8d 63 9d 22 3b 15 f 1f 2f 19 3a 12 94 9a 10
FIXUPS: 43f72 2b 10 4c 8f 33 3c dc 183 42 ffffe9ad 71 90 3d 10 4a 2f 29
FIXUPS: 42f67 1a2 3f 51 43 1a 43 1a 43 28 44 11 23 11f 9c 47 13 4f 42 8e
FIXUPS: 436ae 102 35 52 137d 8 1e 38 55 42 159 27 a 11 16 b 13 9 14 ffffd57a
FIXUPS: 4242b 21 4a 4a 11 14 1f5 42 141 1c 1f9 57 146 34 57 50 26d6 c5
FIXUPS: 45506 7 1a 4a 7 13 fffff927 21 23 77 7 7 d 7 7 d f 5b 52 89 fffff886
FIXUPS: 4497d 48 e e 6d 1f 4a ee 7 49f4 124 1a 16 ffffbecc e 16 e 17 e
FIXUPS: 458b5 e 17 e 16 e fe b 17 14 70 14 11f fffff524 17 f 71 3e 19 f
FIXUPS: 45336 20 2b00 9 1f 77 6e 4a 1a 11 17 11 19d 28 d9 167 111 b 81
FIXUPS: 485fe 6d 144 218 dc 137 190 ff 32 12 12 29 36 4eb 97 ffffe0f3 11
FIXUPS: 476b3 28 120 121 1a 3b 21 1f 21 3a 21 1f 76 1a 39 21 1f 21 3a 21
FIXUPS: 47bf0 ff 2f 63 17 1a 39 9 1f 9 ffffeaca 10 114 17 1b 3f 2b 18 34
FIXUPS: 46b10 17c a4 28d 98 4f 161 55 7a 23 1a 39 f 1f f 3a f 1f 8e 6e
FIXUPS: 47535 36 11 268c 8 b 9 a 8 b 8 12 3c 30 c 43 ffffbfdb d 77 269
FIXUPS: 45ff4 d 1a 11 194 549 1b 15 52 3f 2b 18 34 1e 71 3857 fffffc17
FIXUPS: 49d4a b 14 d 10 10 b 1e 14 ad 1a 11 10e fffffa60 21 b5 59 43 7
FIXUPS: 49b9e 8 b c 8 b 8 a 8 b 9 17e5 296 148 51 4b 173 9 fa 24 39 1d
FIXUPS: 4bb6a 1d 88 24 64 7 2f 11 1b 41 8a d c 10 36 35 ffffe17d 3e 62
FIXUPS: 4a0b5 10 140 6 6 6 63 63 19 1d7 117 2f 37 7b 23 23 110 83 14 56
FIXUPS: 4a9b3 17f 94 4c a7 6 73 20 15e 1be 7 e6 1c5 9
